Archive member included to satisfy reference by file (symbol)

c:/program files (x86)/atmel/studio/7.0/toolchain/arm/arm-gnu-toolchain/bin/../lib/gcc/arm-none-eabi/6.3.1/thumb/v6-m\libgcc.a(_udivsi3.o)
                              hpl/core/hpl_core_m0plus_base.o (__aeabi_uidiv)
c:/program files (x86)/atmel/studio/7.0/toolchain/arm/arm-gnu-toolchain/bin/../lib/gcc/arm-none-eabi/6.3.1/thumb/v6-m\libgcc.a(_dvmd_tls.o)
                              c:/program files (x86)/atmel/studio/7.0/toolchain/arm/arm-gnu-toolchain/bin/../lib/gcc/arm-none-eabi/6.3.1/thumb/v6-m\libgcc.a(_udivsi3.o) (__aeabi_idiv0)
c:/program files (x86)/atmel/studio/7.0/toolchain/arm/arm-gnu-toolchain/bin/../lib/gcc/arm-none-eabi/6.3.1/../../../../arm-none-eabi/lib/thumb/v6-m\libc_nano.a(lib_a-exit.o)
                              c:/program files (x86)/atmel/studio/7.0/toolchain/arm/arm-gnu-toolchain/bin/../lib/gcc/arm-none-eabi/6.3.1/../../../../arm-none-eabi/lib/thumb/v6-m/crt0.o (exit)
c:/program files (x86)/atmel/studio/7.0/toolchain/arm/arm-gnu-toolchain/bin/../lib/gcc/arm-none-eabi/6.3.1/../../../../arm-none-eabi/lib/thumb/v6-m\libc_nano.a(lib_a-impure.o)
                              c:/program files (x86)/atmel/studio/7.0/toolchain/arm/arm-gnu-toolchain/bin/../lib/gcc/arm-none-eabi/6.3.1/../../../../arm-none-eabi/lib/thumb/v6-m\libc_nano.a(lib_a-exit.o) (_global_impure_ptr)
c:/program files (x86)/atmel/studio/7.0/toolchain/arm/arm-gnu-toolchain/bin/../lib/gcc/arm-none-eabi/6.3.1/../../../../arm-none-eabi/lib/thumb/v6-m\libc_nano.a(lib_a-init.o)
                              c:/program files (x86)/atmel/studio/7.0/toolchain/arm/arm-gnu-toolchain/bin/../lib/gcc/arm-none-eabi/6.3.1/../../../../arm-none-eabi/lib/thumb/v6-m/crt0.o (__libc_init_array)
c:/program files (x86)/atmel/studio/7.0/toolchain/arm/arm-gnu-toolchain/bin/../lib/gcc/arm-none-eabi/6.3.1/../../../../arm-none-eabi/lib/thumb/v6-m\libc_nano.a(lib_a-memcpy-stub.o)
                              hpl/usb/hpl_usb.o (memcpy)
c:/program files (x86)/atmel/studio/7.0/toolchain/arm/arm-gnu-toolchain/bin/../lib/gcc/arm-none-eabi/6.3.1/../../../../arm-none-eabi/lib/thumb/v6-m\libc_nano.a(lib_a-memset.o)
                              c:/program files (x86)/atmel/studio/7.0/toolchain/arm/arm-gnu-toolchain/bin/../lib/gcc/arm-none-eabi/6.3.1/../../../../arm-none-eabi/lib/thumb/v6-m/crt0.o (memset)
c:/program files (x86)/atmel/studio/7.0/toolchain/arm/arm-gnu-toolchain/bin/../lib/gcc/arm-none-eabi/6.3.1/../../../../arm-none-eabi/lib/thumb/v6-m\libc_nano.a(lib_a-printf.o)
                              hal/utils/src/utils_syscalls.o (printf)
c:/program files (x86)/atmel/studio/7.0/toolchain/arm/arm-gnu-toolchain/bin/../lib/gcc/arm-none-eabi/6.3.1/../../../../arm-none-eabi/lib/thumb/v6-m\libc_nano.a(lib_a-sprintf.o)
                              main.o (sprintf)
c:/program files (x86)/atmel/studio/7.0/toolchain/arm/arm-gnu-toolchain/bin/../lib/gcc/arm-none-eabi/6.3.1/../../../../arm-none-eabi/lib/thumb/v6-m\libc_nano.a(lib_a-strcmp.o)
                              usb_start.o (strcmp)
c:/program files (x86)/atmel/studio/7.0/toolchain/arm/arm-gnu-toolchain/bin/../lib/gcc/arm-none-eabi/6.3.1/../../../../arm-none-eabi/lib/thumb/v6-m\libc_nano.a(lib_a-strlen.o)
                              main.o (strlen)
c:/program files (x86)/atmel/studio/7.0/toolchain/arm/arm-gnu-toolchain/bin/../lib/gcc/arm-none-eabi/6.3.1/../../../../arm-none-eabi/lib/thumb/v6-m\libc_nano.a(lib_a-strncmp.o)
                              usb_start.o (strncmp)
c:/program files (x86)/atmel/studio/7.0/toolchain/arm/arm-gnu-toolchain/bin/../lib/gcc/arm-none-eabi/6.3.1/../../../../arm-none-eabi/lib/thumb/v6-m\libc_nano.a(lib_a-strtoul.o)
                              usb_start.o (strtoul)
c:/program files (x86)/atmel/studio/7.0/toolchain/arm/arm-gnu-toolchain/bin/../lib/gcc/arm-none-eabi/6.3.1/../../../../arm-none-eabi/lib/thumb/v6-m\libc_nano.a(lib_a-toupper.o)
                              usb_start.o (toupper)
c:/program files (x86)/atmel/studio/7.0/toolchain/arm/arm-gnu-toolchain/bin/../lib/gcc/arm-none-eabi/6.3.1/../../../../arm-none-eabi/lib/thumb/v6-m\libc_nano.a(lib_a-findfp.o)
                              c:/program files (x86)/atmel/studio/7.0/toolchain/arm/arm-gnu-toolchain/bin/../lib/gcc/arm-none-eabi/6.3.1/../../../../arm-none-eabi/lib/thumb/v6-m\libc_nano.a(lib_a-printf.o) (__sinit)
c:/program files (x86)/atmel/studio/7.0/toolchain/arm/arm-gnu-toolchain/bin/../lib/gcc/arm-none-eabi/6.3.1/../../../../arm-none-eabi/lib/thumb/v6-m\libc_nano.a(lib_a-fwalk.o)
                              c:/program files (x86)/atmel/studio/7.0/toolchain/arm/arm-gnu-toolchain/bin/../lib/gcc/arm-none-eabi/6.3.1/../../../../arm-none-eabi/lib/thumb/v6-m\libc_nano.a(lib_a-findfp.o) (_fwalk)
c:/program files (x86)/atmel/studio/7.0/toolchain/arm/arm-gnu-toolchain/bin/../lib/gcc/arm-none-eabi/6.3.1/../../../../arm-none-eabi/lib/thumb/v6-m\libc_nano.a(lib_a-locale.o)
[...]
Memory Configuration

Name             Origin             Length             Attributes
rom              0x00000000         0x00008000         xr
ram              0x20000000         0x00001000         xrw
*default*        0x00000000         0xffffffff

Linker script and memory map

LOAD c:/program files (x86)/atmel/studio/7.0/toolchain/arm/arm-gnu-toolchain/bin/../lib/gcc/arm-none-eabi/6.3.1/thumb/v6-m/crti.o
LOAD c:/program files (x86)/atmel/studio/7.0/toolchain/arm/arm-gnu-toolchain/bin/../lib/gcc/arm-none-eabi/6.3.1/thumb/v6-m/crtbegin.o
LOAD c:/program files (x86)/atmel/studio/7.0/toolchain/arm/arm-gnu-toolchain/bin/../lib/gcc/arm-none-eabi/6.3.1/../../../../arm-none-eabi/lib/thumb/v6-m/crt0.o
LOAD atmel_start.o
LOAD cdc_acm_usb.o
LOAD Device_Startup/startup_samd21.o
LOAD Device_Startup/system_samd21.o
LOAD driver_init.o
LOAD examples/driver_examples.o
LOAD hal/src/hal_atomic.o
LOAD hal/src/hal_delay.o
LOAD hal/src/hal_gpio.o
LOAD hal/src/hal_init.o
LOAD hal/src/hal_io.o
LOAD hal/src/hal_sleep.o
LOAD hal/src/hal_usb_device.o
LOAD hal/utils/src/utils_assert.o
LOAD hal/utils/src/utils_event.o
LOAD hal/utils/src/utils_list.o
LOAD hal/utils/src/utils_syscalls.o
LOAD hpl/core/hpl_core_m0plus_base.o
LOAD hpl/core/hpl_init.o
LOAD hpl/dmac/hpl_dmac.o
LOAD hpl/gclk/hpl_gclk.o
LOAD hpl/pm/hpl_pm.o
LOAD hpl/sysctrl/hpl_sysctrl.o
LOAD hpl/usb/hpl_usb.o
LOAD main.o
LOAD usb/class/cdc/device/cdcdf_acm.o
LOAD usb/device/usbdc.o
LOAD usb/usb_protocol.o
LOAD usb_start.o
START GROUP
LOAD c:/program files (x86)/atmel/studio/7.0/toolchain/arm/arm-gnu-toolchain/bin/../lib/gcc/arm-none-eabi/6.3.1/../../../../arm-none-eabi/lib/thumb/v6-m\libm.a
END GROUP
START GROUP
LOAD c:/program files (x86)/atmel/studio/7.0/toolchain/arm/arm-gnu-toolchain/bin/../lib/gcc/arm-none-eabi/6.3.1/thumb/v6-m\libgcc.a
LOAD c:/program files (x86)/atmel/studio/7.0/toolchain/arm/arm-gnu-toolchain/bin/../lib/gcc/arm-none-eabi/6.3.1/../../../../arm-none-eabi/lib/thumb/v6-m\libc_nano.a
END GROUP
START GROUP
LOAD c:/program files (x86)/atmel/studio/7.0/toolchain/arm/arm-gnu-toolchain/bin/../lib/gcc/arm-none-eabi/6.3.1/thumb/v6-m\libgcc.a
LOAD c:/program files (x86)/atmel/studio/7.0/toolchain/arm/arm-gnu-toolchain/bin/../lib/gcc/arm-none-eabi/6.3.1/../../../../arm-none-eabi/lib/thumb/v6-m\libc_nano.a
END GROUP
LOAD c:/program files (x86)/atmel/studio/7.0/toolchain/arm/arm-gnu-toolchain/bin/../lib/gcc/arm-none-eabi/6.3.1/thumb/v6-m/crtend.o
LOAD c:/program files (x86)/atmel/studio/7.0/toolchain/arm/arm-gnu-toolchain/bin/../lib/gcc/arm-none-eabi/6.3.1/thumb/v6-m/crtn.o
                0x00000400                STACK_SIZE = DEFINED (STACK_SIZE)?STACK_SIZE:DEFINED (__stack_size__)?__stack_size__:0x400

.text           0x00000000     0x2ffc
                0x00000000                . = ALIGN (0x4)
                0x00000000                _sfixed = .
 *(.vectors .vectors.*)
 .vectors       0x00000000       0xb4 Device_Startup/startup_samd21.o
                0x00000000                exception_table
 *(.text .text.* .gnu.linkonce.t.*)
 .text          0x000000b4       0x60 c:/program files (x86)/atmel/studio/7.0/toolchain/arm/arm-gnu-toolchain/bin/../lib/gcc/arm-none-eabi/6.3.1/thumb/v6-m/crtbegin.o
 .text.atmel_start_init
                0x00000114        0xc atmel_start.o
                0x00000114                atmel_start_init
 .text.Dummy_Handler
                0x00000120        0x2 Device_Startup/startup_samd21.o
                0x00000120                SVCall_Handler
                0x00000120                DMAC_Handler
                0x00000120                HardFault_Handler
                0x00000120                AC_Handler
                0x00000120                SysTick_Handler
                0x00000120                PendSV_Handler
                0x00000120                SERCOM1_Handler
                0x00000120                ADC_Handler
                0x00000120                NonMaskableInt_Handler
                0x00000120                TCC1_Handler
                0x00000120                SERCOM2_Handler
                0x00000120                TCC0_Handler
                0x00000120                RTC_Handler
                0x00000120                EIC_Handler
                0x00000120                WDT_Handler
                0x00000120                TC4_Handler
                0x00000120                TC3_Handler
                0x00000120                Dummy_Handler
                0x00000120                PM_Handler
                0x00000120                TCC2_Handler
                0x00000120                EVSYS_Handler
                0x00000120                SERCOM3_Handler
                0x00000120                I2S_Handler
                0x00000120                NVMCTRL_Handler
                0x00000120                SERCOM0_Handler
                0x00000120                DAC_Handler
                0x00000120                PTC_Handler
                0x00000120                TC5_Handler
                0x00000120                SYSCTRL_Handler
 *fill*         0x00000122        0x2 
 .text.Reset_Handler
                0x00000124       0xe4 Device_Startup/startup_samd21.o
                0x00000124                Reset_Handler
 .text.USB_DEVICE_INSTANCE_PORT_init
                0x00000208       0x88 driver_init.o
                0x00000208                USB_DEVICE_INSTANCE_PORT_init
 .text.USB_DEVICE_INSTANCE_CLOCK_init
                0x00000290       0x28 driver_init.o
                0x00000290                USB_DEVICE_INSTANCE_CLOCK_init
 .text.USB_DEVICE_INSTANCE_init
                0x000002b8       0x1c driver_init.o
                0x000002b8                USB_DEVICE_INSTANCE_init
 .text.system_init
                0x000002d4      0x144 driver_init.o
                0x000002d4                system_init
 .text.atomic_enter_critical
                0x00000418        0xe hal/src/hal_atomic.o
                0x00000418                atomic_enter_critical
 .text.atomic_leave_critical
                0x00000426        0xc hal/src/hal_atomic.o
                0x00000426                atomic_leave_critical
 *fill*         0x00000432        0x2 
 .text.delay_ms
                0x00000434       0x20 hal/src/hal_delay.o
                0x00000434                delay_ms
 .text._usb_d_find_ep
                0x00000454       0x44 hal/src/hal_usb_device.o
 .text.usb_d_dummy_cb_false
                0x00000498        0x4 hal/src/hal_usb_device.o
 .text.usb_d_cb_trans_more
                0x0000049c       0x38 hal/src/hal_usb_device.o
 .text._usb_d_cb_trans_done
                0x000004d4      0x160 hal/src/hal_usb_device.o
 .text.usb_d_cb_trans_setup
                0x00000634       0x90 hal/src/hal_usb_device.o
 .text.usb_d_init
                0x000006c4       0x64 hal/src/hal_usb_device.o
                0x000006c4                usb_d_init
 .text.usb_d_ep_transfer
                0x00000728      0x128 hal/src/hal_usb_device.o
                0x00000728                usb_d_ep_transfer
 .text.usb_d_ep_register_callback
                0x00000850       0x50 hal/src/hal_usb_device.o
                0x00000850                usb_d_ep_register_callback
 .text._sbrk    0x000008a0       0x24 hal/utils/src/utils_syscalls.o
                0x000008a0                _sbrk
 .text._get_cycles_for_ms
                0x000008c4       0x1c hpl/core/hpl_core_m0plus_base.o
                0x000008c4                _get_cycles_for_ms
 .text._delay_cycles
                0x000008e0        0x6 hpl/core/hpl_core_m0plus_base.o
                0x000008e0                _delay_cycles
 *fill*         0x000008e6        0x2 
 .text._init_chip
                0x000008e8       0x38 hpl/core/hpl_init.o
                0x000008e8                _init_chip
 .text._gclk_init_generators_by_fref
                0x00000920       0x40 hpl/gclk/hpl_gclk.o
                0x00000920                _gclk_init_generators_by_fref
 .text._pm_init
                0x00000960       0x20 hpl/pm/hpl_pm.o
                0x00000960                _pm_init
 .text._sysctrl_init_sources
                0x00000980       0x18 hpl/sysctrl/hpl_sysctrl.o
                0x00000980                _sysctrl_init_sources
 .text._sysctrl_init_referenced_generators
                0x00000998       0x8c hpl/sysctrl/hpl_sysctrl.o
                0x00000998                _sysctrl_init_referenced_generators
 .text._dummy_func_no_return
                0x00000a24        0x4 hpl/usb/hpl_usb.o
 .text._usb_d_dev_handle_setup
                0x00000a28       0x8c hpl/usb/hpl_usb.o
 .text._usb_d_dev_handle_stall
                0x00000ab4       0x30 hpl/usb/hpl_usb.o
 .text._usb_d_dev_trans_done
                0x00000ae4       0x28 hpl/usb/hpl_usb.o
 .text._usb_d_dev_trans_stop
                0x00000b0c       0x6c hpl/usb/hpl_usb.o
 .text._usb_d_dev_handle_trfail
                0x00000b78      0x100 hpl/usb/hpl_usb.o
 .text._usb_d_dev_reset_epts
                0x00000c78       0x44 hpl/usb/hpl_usb.o
 .text._usb_d_dev_in_next
                0x00000cbc      0x1a8 hpl/usb/hpl_usb.o
 .text._usb_d_dev_out_next
                0x00000e64      0x234 hpl/usb/hpl_usb.o
 .text._usb_d_dev_init
                0x00001098       0xdc hpl/usb/hpl_usb.o
                0x00001098                _usb_d_dev_init
 .text._usb_d_dev_ep_stall
                0x00001174      0x164 hpl/usb/hpl_usb.o
                0x00001174                _usb_d_dev_ep_stall
 .text._usb_d_dev_ep_read_req
                0x000012d8       0x70 hpl/usb/hpl_usb.o
                0x000012d8                _usb_d_dev_ep_read_req
 .text._usb_d_dev_ep_trans
                0x00001348      0x214 hpl/usb/hpl_usb.o
                0x00001348                _usb_d_dev_ep_trans
 .text._usb_d_dev_register_ep_callback
                0x0000155c       0x30 hpl/usb/hpl_usb.o
                0x0000155c                _usb_d_dev_register_ep_callback
 .text.USB_Handler
                0x0000158c      0x23c hpl/usb/hpl_usb.o
                0x0000158c                USB_Handler
 .text.main     0x000017c8      0x2cc main.o
                0x000017c8                main
 .text.cdcdf_acm_read
                0x00001a94       0x2c usb/class/cdc/device/cdcdf_acm.o
                0x00001a94                cdcdf_acm_read
 .text.cdcdf_acm_write
                0x00001ac0       0x2c usb/class/cdc/device/cdcdf_acm.o
                0x00001ac0                cdcdf_acm_write
 .text.cdcdf_acm_register_callback
                0x00001aec       0x50 usb/class/cdc/device/cdcdf_acm.o
                0x00001aec                cdcdf_acm_register_callback
 .text.cdcdf_acm_is_enabled
                0x00001b3c        0xc usb/class/cdc/device/cdcdf_acm.o
                0x00001b3c                cdcdf_acm_is_enabled
 .text.usbdc_xfer
                0x00001b48       0x1c usb/device/usbdc.o
                0x00001b48                usbdc_xfer
 .text.cdc_write_finished
                0x00001b64       0x10 usb_start.o
 .text.cdc_read_start
                0x00001b74       0x20 usb_start.o
 .text.usb_device_state_changed_handler
                0x00001b94       0x48 usb_start.o
 .text.cdc_read_finished
                0x00001bdc       0xb0 usb_start.o
 .text.usb_serial_begin
                0x00001c8c       0x20 usb_start.o
                0x00001c8c                usb_serial_begin
 .text.usb_serial_read
                0x00001cac       0xac usb_start.o
                0x00001cac                usb_serial_read
 .text.usb_serial_write
                0x00001d58       0x88 usb_start.o
                0x00001d58                usb_serial_write
 .text.serial_boot_message
                0x00001de0       0x84 usb_start.o
                0x00001de0                serial_boot_message
 .text.handle_usb_command
                0x00001e64      0x17c usb_start.o
                0x00001e64                handle_usb_command
 .text          0x00001fe0      0x114 c:/program files (x86)/atmel/studio/7.0/toolchain/arm/arm-gnu-toolchain/bin/../lib/gcc/arm-none-eabi/6.3.1/thumb/v6-m\libgcc.a(_udivsi3.o)
                0x00001fe0                __aeabi_uidiv
                0x00001fe0                __udivsi3
                0x000020ec                __aeabi_uidivmod
 .text          0x000020f4        0x4 c:/program files (x86)/atmel/studio/7.0/toolchain/arm/arm-gnu-toolchain/bin/../lib/gcc/arm-none-eabi/6.3.1/thumb/v6-m\libgcc.a(_dvmd_tls.o)
                0x000020f4                __aeabi_idiv0
                0x000020f4                __aeabi_ldiv0
 .text.__libc_init_array
                0x000020f8       0x48 c:/program files (x86)/atmel/studio/7.0/toolchain/arm/arm-gnu-toolchain/bin/../lib/gcc/arm-none-eabi/6.3.1/../../../../arm-none-eabi/lib/thumb/v6-m\libc_nano.a(lib_a-init.o)
                0x000020f8                __libc_init_array
 .text.memcpy   0x00002140       0x12 c:/program files (x86)/atmel/studio/7.0/toolchain/arm/arm-gnu-toolchain/bin/../lib/gcc/arm-none-eabi/6.3.1/../../../../arm-none-eabi/lib/thumb/v6-m\libc_nano.a(lib_a-memcpy-stub.o)
                0x00002140                memcpy
 .text.memset   0x00002152       0x10 c:/program files (x86)/atmel/studio/7.0/toolchain/arm/arm-gnu-toolchain/bin/../lib/gcc/arm-none-eabi/6.3.1/../../../../arm-none-eabi/lib/thumb/v6-m\libc_nano.a(lib_a-memset.o)
                0x00002152                memset
 *fill*         0x00002162        0x2 
 .text.sprintf  0x00002164       0x44 c:/program files (x86)/atmel/studio/7.0/toolchain/arm/arm-gnu-toolchain/bin/../lib/gcc/arm-none-eabi/6.3.1/../../../../arm-none-eabi/lib/thumb/v6-m\libc_nano.a(lib_a-sprintf.o)
                0x00002164                siprintf
                0x00002164                sprintf
 .text          0x000021a8       0x14 c:/program files (x86)/atmel/studio/7.0/toolchain/arm/arm-gnu-toolchain/bin/../lib/gcc/arm-none-eabi/6.3.1/../../../../arm-none-eabi/lib/thumb/v6-m\libc_nano.a(lib_a-strcmp.o)
                0x000021a8                strcmp
 .text          0x000021bc        0xe c:/program files (x86)/atmel/studio/7.0/toolchain/arm/arm-gnu-toolchain/bin/../lib/gcc/arm-none-eabi/6.3.1/../../../../arm-none-eabi/lib/thumb/v6-m\libc_nano.a(lib_a-strlen.o)
                0x000021bc                strlen
 .text.strncmp  0x000021ca       0x22 c:/program files (x86)/atmel/studio/7.0/toolchain/arm/arm-gnu-toolchain/bin/../lib/gcc/arm-none-eabi/6.3.1/../../../../arm-none-eabi/lib/thumb/v6-m\libc_nano.a(lib_a-strncmp.o)
                0x000021ca                strncmp
 .text._strtoul_l.isra.0
                0x000021ec      0x10e c:/program files (x86)/atmel/studio/7.0/toolchain/arm/arm-gnu-toolchain/bin/../lib/gcc/arm-none-eabi/6.3.1/../../../../arm-none-eabi/lib/thumb/v6-m\libc_nano.a(lib_a-strtoul.o)
 *fill*         0x000022fa        0x2 
 .text.strtoul  0x000022fc       0x28 c:/program files (x86)/atmel/studio/7.0/toolchain/arm/arm-gnu-toolchain/bin/../lib/gcc/arm-none-eabi/6.3.1/../../../../arm-none-eabi/lib/thumb/v6-m\libc_nano.a(lib_a-strtoul.o)
                0x000022fc                strtoul
 .text.toupper  0x00002324       0x1a c:/program files (x86)/atmel/studio/7.0/toolchain/arm/arm-gnu-toolchain/bin/../lib/gcc/arm-none-eabi/6.3.1/../../../../arm-none-eabi/lib/thumb/v6-m\libc_nano.a(lib_a-toupper.o)
                0x00002324                toupper
 .text.__locale_ctype_ptr_l
                0x0000233e        0x6 c:/program files (x86)/atmel/studio/7.0/toolchain/arm/arm-gnu-toolchain/bin/../lib/gcc/arm-none-eabi/6.3.1/../../../../arm-none-eabi/lib/thumb/v6-m\libc_nano.a(lib_a-locale.o)
                0x0000233e                __locale_ctype_ptr_l
 .text.__locale_ctype_ptr
                0x00002344       0x1c c:/program files (x86)/atmel/studio/7.0/toolchain/arm/arm-gnu-toolchain/bin/../lib/gcc/arm-none-eabi/6.3.1/../../../../arm-none-eabi/lib/thumb/v6-m\libc_nano.a(lib_a-locale.o)
                0x00002344                __locale_ctype_ptr
 .text.__ascii_mbtowc
                0x00002360       0x24 c:/program files (x86)/atmel/studio/7.0/toolchain/arm/arm-gnu-toolchain/bin/../lib/gcc/arm-none-eabi/6.3.1/../../../../arm-none-eabi/lib/thumb/v6-m\libc_nano.a(lib_a-mbtowc_r.o)
                0x00002360                __ascii_mbtowc
 .text._malloc_r
                0x00002384       0xbc c:/program files (x86)/atmel/studio/7.0/toolchain/arm/arm-gnu-toolchain/bin/../lib/gcc/arm-none-eabi/6.3.1/../../../../arm-none-eabi/lib/thumb/v6-m\libc_nano.a(lib_a-nano-mallocr.o)
                0x00002384                _malloc_r
 .text.__ssputs_r
                0x00002440       0xc4 c:/program files (x86)/atmel/studio/7.0/toolchain/arm/arm-gnu-toolchain/bin/../lib/gcc/arm-none-eabi/6.3.1/../../../../arm-none-eabi/lib/thumb/v6-m\libc_nano.a(lib_a-nano-svfprintf.o)
                0x00002440                __ssputs_r
 .text._svfprintf_r
                0x00002504      0x208 c:/program files (x86)/atmel/studio/7.0/toolchain/arm/arm-gnu-toolchain/bin/../lib/gcc/arm-none-eabi/6.3.1/../../../../arm-none-eabi/lib/thumb/v6-m\libc_nano.a(lib_a-nano-svfprintf.o)
                0x00002504                _svfiprintf_r
                0x00002504                _svfprintf_r
 .text._printf_common
                0x0000270c       0xda c:/program files (x86)/atmel/studio/7.0/toolchain/arm/arm-gnu-toolchain/bin/../lib/gcc/arm-none-eabi/6.3.1/../../../../arm-none-eabi/lib/thumb/v6-m\libc_nano.a(lib_a-nano-vfprintf_i.o)
                0x0000270c                _printf_common
 *fill*         0x000027e6        0x2 
 .text._printf_i
                0x000027e8      0x234 c:/program files (x86)/atmel/studio/7.0/toolchain/arm/arm-gnu-toolchain/bin/../lib/gcc/arm-none-eabi/6.3.1/../../../../arm-none-eabi/lib/thumb/v6-m\libc_nano.a(lib_a-nano-vfprintf_i.o)
                0x000027e8                _printf_i
 .text._sbrk_r  0x00002a1c       0x24 c:/program files (x86)/atmel/studio/7.0/toolchain/arm/arm-gnu-toolchain/bin/../lib/gcc/arm-none-eabi/6.3.1/../../../../arm-none-eabi/lib/thumb/v6-m\libc_nano.a(lib_a-sbrkr.o)
                0x00002a1c                _sbrk_r
 .text.__ascii_wctomb
                0x00002a40       0x18 c:/program files (x86)/atmel/studio/7.0/toolchain/arm/arm-gnu-toolchain/bin/../lib/gcc/arm-none-eabi/6.3.1/../../../../arm-none-eabi/lib/thumb/v6-m\libc_nano.a(lib_a-wctomb_r.o)
                0x00002a40                __ascii_wctomb
 .text.memchr   0x00002a58       0x16 c:/program files (x86)/atmel/studio/7.0/toolchain/arm/arm-gnu-toolchain/bin/../lib/gcc/arm-none-eabi/6.3.1/../../../../arm-none-eabi/lib/thumb/v6-m\libc_nano.a(lib_a-memchr-stub.o)
                0x00002a58                memchr
 .text.memmove  0x00002a6e       0x24 c:/program files (x86)/atmel/studio/7.0/toolchain/arm/arm-gnu-toolchain/bin/../lib/gcc/arm-none-eabi/6.3.1/../../../../arm-none-eabi/lib/thumb/v6-m\libc_nano.a(lib_a-memmove.o)
                0x00002a6e                memmove
 .text.__malloc_lock
                0x00002a92        0x2 c:/program files (x86)/atmel/studio/7.0/toolchain/arm/arm-gnu-toolchain/bin/../lib/gcc/arm-none-eabi/6.3.1/../../../../arm-none-eabi/lib/thumb/v6-m\libc_nano.a(lib_a-mlock.o)
                0x00002a92                __malloc_lock
 .text.__malloc_unlock
                0x00002a94        0x2 c:/program files (x86)/atmel/studio/7.0/toolchain/arm/arm-gnu-toolchain/bin/../lib/gcc/arm-none-eabi/6.3.1/../../../../arm-none-eabi/lib/thumb/v6-m\libc_nano.a(lib_a-mlock.o)
                0x00002a94                __malloc_unlock
 *fill*         0x00002a96        0x2 
 .text._free_r  0x00002a98       0x94 c:/program files (x86)/atmel/studio/7.0/toolchain/arm/arm-gnu-toolchain/bin/../lib/gcc/arm-none-eabi/6.3.1/../../../../arm-none-eabi/lib/thumb/v6-m\libc_nano.a(lib_a-nano-freer.o)
                0x00002a98                _free_r
 .text._realloc_r
                0x00002b2c       0x4c c:/program files (x86)/atmel/studio/7.0/toolchain/arm/arm-gnu-toolchain/bin/../lib/gcc/arm-none-eabi/6.3.1/../../../../arm-none-eabi/lib/thumb/v6-m\libc_nano.a(lib_a-nano-reallocr.o)
                0x00002b2c                _realloc_r
 .text._malloc_usable_size_r
                0x00002b78       0x10 c:/program files (x86)/atmel/studio/7.0/toolchain/arm/arm-gnu-toolchain/bin/../lib/gcc/arm-none-eabi/6.3.1/../../../../arm-none-eabi/lib/thumb/v6-m\libc_nano.a(lib_a-nano-msizer.o)
                0x00002b78                _malloc_usable_size_r
 *(.glue_7t)
 .glue_7t       0x00002b88        0x0 linker stubs
 *(.glue_7)
 .glue_7        0x00002b88        0x0 linker stubs
 *(.rodata .rodata* .gnu.linkonce.r.*)
 .rodata.cst2   0x00002b88        0x2 hpl/usb/hpl_usb.o
 *fill*         0x00002b8a        0x2 
 .rodata.str1.4
                0x00002b8c       0x11 main.o
                                 0x15 (size before relaxing)
 *fill*         0x00002b9d        0x3 
 .rodata.str1.4
                0x00002ba0      0x29c usb_start.o
                                0x2a8 (size before relaxing)
 .rodata.__sf_fake_stderr
                0x00002e3c       0x20 c:/program files (x86)/atmel/studio/7.0/toolchain/arm/arm-gnu-toolchain/bin/../lib/gcc/arm-none-eabi/6.3.1/../../../../arm-none-eabi/lib/thumb/v6-m\libc_nano.a(lib_a-findfp.o)
                0x00002e3c                __sf_fake_stderr
 .rodata.__sf_fake_stdin
                0x00002e5c       0x20 c:/program files (x86)/atmel/studio/7.0/toolchain/arm/arm-gnu-toolchain/bin/../lib/gcc/arm-none-eabi/6.3.1/../../../../arm-none-eabi/lib/thumb/v6-m\libc_nano.a(lib_a-findfp.o)
                0x00002e5c                __sf_fake_stdin
 .rodata.__sf_fake_stdout
                0x00002e7c       0x20 c:/program files (x86)/atmel/studio/7.0/toolchain/arm/arm-gnu-toolchain/bin/../lib/gcc/arm-none-eabi/6.3.1/../../../../arm-none-eabi/lib/thumb/v6-m\libc_nano.a(lib_a-findfp.o)
                0x00002e7c                __sf_fake_stdout
 .rodata._setlocale_r.str1.1
                0x00002e9c        0x8 c:/program files (x86)/atmel/studio/7.0/toolchain/arm/arm-gnu-toolchain/bin/../lib/gcc/arm-none-eabi/6.3.1/../../../../arm-none-eabi/lib/thumb/v6-m\libc_nano.a(lib_a-locale.o)
                                  0x9 (size before relaxing)
 .rodata.str1.1
                0x00002ea4        0x2 c:/program files (x86)/atmel/studio/7.0/toolchain/arm/arm-gnu-toolchain/bin/../lib/gcc/arm-none-eabi/6.3.1/../../../../arm-none-eabi/lib/thumb/v6-m\libc_nano.a(lib_a-locale.o)
 .rodata._svfprintf_r.str1.1
                0x00002ea6       0x11 c:/program files (x86)/atmel/studio/7.0/toolchain/arm/arm-gnu-toolchain/bin/../lib/gcc/arm-none-eabi/6.3.1/../../../../arm-none-eabi/lib/thumb/v6-m\libc_nano.a(lib_a-nano-svfprintf.o)
 .rodata._printf_i.str1.1
                0x00002eb7       0x22 c:/program files (x86)/atmel/studio/7.0/toolchain/arm/arm-gnu-toolchain/bin/../lib/gcc/arm-none-eabi/6.3.1/../../../../arm-none-eabi/lib/thumb/v6-m\libc_nano.a(lib_a-nano-vfprintf_i.o)
 .rodata._ctype_
                0x00002ed9      0x101 c:/program files (x86)/atmel/studio/7.0/toolchain/arm/arm-gnu-toolchain/bin/../lib/gcc/arm-none-eabi/6.3.1/../../../../arm-none-eabi/lib/thumb/v6-m\libc_nano.a(lib_a-ctype_.o)
                0x00002ed9                _ctype_
 *(.ARM.extab* .gnu.linkonce.armextab.*)
                0x00002fdc                . = ALIGN (0x4)
 *fill*         0x00002fda        0x2 
 *(.init)
 .init          0x00002fdc        0x4 c:/program files (x86)/atmel/studio/7.0/toolchain/arm/arm-gnu-toolchain/bin/../lib/gcc/arm-none-eabi/6.3.1/thumb/v6-m/crti.o
                0x00002fdc                _init
 .init          0x00002fe0        0x8 c:/program files (x86)/atmel/studio/7.0/toolchain/arm/arm-gnu-toolchain/bin/../lib/gcc/arm-none-eabi/6.3.1/thumb/v6-m/crtn.o
                0x00002fe8                . = ALIGN (0x4)
                0x00002fe8                __preinit_array_start = .
 *(.preinit_array)
                0x00002fe8                __preinit_array_end = .
                0x00002fe8                . = ALIGN (0x4)
                0x00002fe8                __init_array_start = .
 *(SORT(.init_array.*))
 *(.init_array)
 .init_array    0x00002fe8        0x4 c:/program files (x86)/atmel/studio/7.0/toolchain/arm/arm-gnu-toolchain/bin/../lib/gcc/arm-none-eabi/6.3.1/thumb/v6-m/crtbegin.o
                0x00002fec                __init_array_end = .
                0x00002fec                . = ALIGN (0x4)
 *crtbegin.o(.ctors)
 *(EXCLUDE_FILE(*crtend.o) .ctors)
 *(SORT(.ctors.*))
 *crtend.o(.ctors)
                0x00002fec                . = ALIGN (0x4)
 *(.fini)
 .fini          0x00002fec        0x4 c:/program files (x86)/atmel/studio/7.0/toolchain/arm/arm-gnu-toolchain/bin/../lib/gcc/arm-none-eabi/6.3.1/thumb/v6-m/crti.o
                0x00002fec                _fini
 .fini          0x00002ff0        0x8 c:/program files (x86)/atmel/studio/7.0/toolchain/arm/arm-gnu-toolchain/bin/../lib/gcc/arm-none-eabi/6.3.1/thumb/v6-m/crtn.o
                0x00002ff8                . = ALIGN (0x4)
                0x00002ff8                __fini_array_start = .
 *(.fini_array)
 .fini_array    0x00002ff8        0x4 c:/program files (x86)/atmel/studio/7.0/toolchain/arm/arm-gnu-toolchain/bin/../lib/gcc/arm-none-eabi/6.3.1/thumb/v6-m/crtbegin.o
 *(SORT(.fini_array.*))
                0x00002ffc                __fini_array_end = .
 *crtbegin.o(.dtors)
 *(EXCLUDE_FILE(*crtend.o) .dtors)
 *(SORT(.dtors.*))
 *crtend.o(.dtors)
                0x00002ffc                . = ALIGN (0x4)
                0x00002ffc                _efixed = .
                [!provide]                PROVIDE (__exidx_start, .)

.vfp11_veneer   0x00002ffc        0x0
 .vfp11_veneer  0x00002ffc        0x0 linker stubs

.v4_bx          0x00002ffc        0x0
 .v4_bx         0x00002ffc        0x0 linker stubs

.iplt           0x00002ffc        0x0
 .iplt          0x00002ffc        0x0 c:/program files (x86)/atmel/studio/7.0/toolchain/arm/arm-gnu-toolchain/bin/../lib/gcc/arm-none-eabi/6.3.1/thumb/v6-m/crtbegin.o

.eh_frame       0x00002ffc        0x0
 .eh_frame      0x00002ffc        0x0 c:/program files (x86)/atmel/studio/7.0/toolchain/arm/arm-gnu-toolchain/bin/../lib/gcc/arm-none-eabi/6.3.1/thumb/v6-m/crtbegin.o

.rel.dyn        0x00002ffc        0x0
 .rel.iplt      0x00002ffc        0x0 c:/program files (x86)/atmel/studio/7.0/toolchain/arm/arm-gnu-toolchain/bin/../lib/gcc/arm-none-eabi/6.3.1/thumb/v6-m/crtbegin.o

.jcr            0x00002ffc        0x0
 .jcr           0x00002ffc        0x0 c:/program files (x86)/atmel/studio/7.0/toolchain/arm/arm-gnu-toolchain/bin/../lib/gcc/arm-none-eabi/6.3.1/thumb/v6-m/crtbegin.o

.igot.plt       0x00002ffc        0x0
 .igot.plt      0x00002ffc        0x0 c:/program files (x86)/atmel/studio/7.0/toolchain/arm/arm-gnu-toolchain/bin/../lib/gcc/arm-none-eabi/6.3.1/thumb/v6-m/crtbegin.o

.ARM.exidx
 *(.ARM.exidx* .gnu.linkonce.armexidx.*)
                [!provide]                PROVIDE (__exidx_end, .)
                0x00002ffc                . = ALIGN (0x4)
                0x00002ffc                _etext = .

.relocate       0x20000000      0x1e0 load address 0x00002ffc
                0x20000000                . = ALIGN (0x4)
                0x20000000                _srelocate = .
 *(.ramfunc .ramfunc.*)
 *(.data .data.*)
 .data          0x20000000       0x10 main.o
                0x20000000                count
                0x20000004                counting
                0x20000005                countUp
                0x20000008                last_sent_count
                0x2000000c                speed
 .data._impure_ptr
                0x20000010        0x4 c:/program files (x86)/atmel/studio/7.0/toolchain/arm/arm-gnu-toolchain/bin/../lib/gcc/arm-none-eabi/6.3.1/../../../../arm-none-eabi/lib/thumb/v6-m\libc_nano.a(lib_a-impure.o)
                0x20000010                _impure_ptr
 .data.impure_data
                0x20000014       0x60 c:/program files (x86)/atmel/studio/7.0/toolchain/arm/arm-gnu-toolchain/bin/../lib/gcc/arm-none-eabi/6.3.1/../../../../arm-none-eabi/lib/thumb/v6-m\libc_nano.a(lib_a-impure.o)
 .data.__global_locale
                0x20000074      0x16c c:/program files (x86)/atmel/studio/7.0/toolchain/arm/arm-gnu-toolchain/bin/../lib/gcc/arm-none-eabi/6.3.1/../../../../arm-none-eabi/lib/thumb/v6-m\libc_nano.a(lib_a-locale.o)
                0x20000074                __global_locale
                0x200001e0                . = ALIGN (0x4)
                0x200001e0                _erelocate = .

.bss            0x200001e0      0x40c load address 0x000031dc
                0x200001e0                . = ALIGN (0x4)
                0x200001e0                _sbss = .
                0x200001e0                _szero = .
 *(.bss .bss.*)
 .bss           0x200001e0       0x1c c:/program files (x86)/atmel/studio/7.0/toolchain/arm/arm-gnu-toolchain/bin/../lib/gcc/arm-none-eabi/6.3.1/thumb/v6-m/crtbegin.o
 .bss           0x200001fc        0x4 hal/src/hal_delay.o
 .bss           0x20000200       0x80 hal/src/hal_usb_device.o
 .bss           0x20000280        0x4 hal/utils/src/utils_syscalls.o
 .bss           0x20000284      0x1e8 hpl/usb/hpl_usb.o
 .bss           0x2000046c        0x4 main.o
                0x2000046c                usb_cmd_index
                0x2000046d                buttonHold
                0x2000046e                clicked
                0x2000046f                clickTime
 .bss           0x20000470       0x24 usb/class/cdc/device/cdcdf_acm.o
 .bss           0x20000494       0xcc usb_start.o
                0x20000494                pending_write
                0x20000495                pending_read
                0x20000496                cdc_connected
 .bss.__malloc_free_list
                0x20000560        0x4 c:/program files (x86)/atmel/studio/7.0/toolchain/arm/arm-gnu-toolchain/bin/../lib/gcc/arm-none-eabi/6.3.1/../../../../arm-none-eabi/lib/thumb/v6-m\libc_nano.a(lib_a-nano-mallocr.o)
                0x20000560                __malloc_free_list
 .bss.__malloc_sbrk_start
                0x20000564        0x4 c:/program files (x86)/atmel/studio/7.0/toolchain/arm/arm-gnu-toolchain/bin/../lib/gcc/arm-none-eabi/6.3.1/../../../../arm-none-eabi/lib/thumb/v6-m\libc_nano.a(lib_a-nano-mallocr.o)
                0x20000564                __malloc_sbrk_start
 *(COMMON)
 COMMON         0x20000568       0x40 main.o
                0x20000568                usb_cmd_buffer
 COMMON         0x200005a8       0x40 usb_start.o
                0x200005a8                usbd_cdc_buffer
 COMMON         0x200005e8        0x4 c:/program files (x86)/atmel/studio/7.0/toolchain/arm/arm-gnu-toolchain/bin/../lib/gcc/arm-none-eabi/6.3.1/../../../../arm-none-eabi/lib/thumb/v6-m\libc_nano.a(lib_a-reent.o)
                0x200005e8                errno
                0x200005ec                . = ALIGN (0x4)
                0x200005ec                _ebss = .
                0x200005ec                _ezero = .

.stack          0x200005ec      0x404 load address 0x000035e8
                0x200005f0                . = ALIGN (0x8)
 *fill*         0x200005ec        0x4 
                0x200005f0                _sstack = .
                0x200009f0                . = (. + STACK_SIZE)
 *fill*         0x200005f0      0x400 
                0x200009f0                . = ALIGN (0x8)
                0x200009f0                _estack = .
                0x200009f0                . = ALIGN (0x4)
                0x200009f0                _end = .
OUTPUT(I'm so lost.elf elf32-littlearm)

.ARM.attributes
                0x00000000       0x28
 .ARM.attributes
                0x00000000       0x1e c:/program files (x86)/atmel/studio/7.0/toolchain/arm/arm-gnu-toolchain/bin/../lib/gcc/arm-none-eabi/6.3.1/thumb/v6-m/crti.o
 .ARM.attributes
                0x0000001e       0x2c c:/program files (x86)/atmel/studio/7.0/toolchain/arm/arm-gnu-toolchain/bin/../lib/gcc/arm-none-eabi/6.3.1/thumb/v6-m/crtbegin.o
 .ARM.attributes
                0x0000004a       0x32 atmel_start.o
 .ARM.attributes
                0x0000007c       0x32 Device_Startup/startup_samd21.o
 .ARM.attributes
                0x000000ae       0x32 driver_init.o
 .ARM.attributes
                0x000000e0       0x32 hal/src/hal_atomic.o
 .ARM.attributes
                0x00000112       0x32 hal/src/hal_delay.o
 .ARM.attributes
                0x00000144       0x32 hal/src/hal_usb_device.o
 .ARM.attributes
                0x00000176       0x32 hal/utils/src/utils_syscalls.o
 .ARM.attributes
                0x000001a8       0x32 hpl/core/hpl_core_m0plus_base.o
 .ARM.attributes
                0x000001da       0x32 hpl/core/hpl_init.o
 .ARM.attributes
                0x0000020c       0x32 hpl/gclk/hpl_gclk.o
 .ARM.attributes
                0x0000023e       0x32 hpl/pm/hpl_pm.o
 .ARM.attributes
                0x00000270       0x32 hpl/sysctrl/hpl_sysctrl.o
 .ARM.attributes
                0x000002a2       0x32 hpl/usb/hpl_usb.o
 .ARM.attributes
                0x000002d4       0x32 main.o
 .ARM.attributes
                0x00000306       0x32 usb/class/cdc/device/cdcdf_acm.o
 .ARM.attributes
                0x00000338       0x32 usb/device/usbdc.o
 .ARM.attributes
                0x0000036a       0x32 usb_start.o
 .ARM.attributes
                0x0000039c       0x1e c:/program files (x86)/atmel/studio/7.0/toolchain/arm/arm-gnu-toolchain/bin/../lib/gcc/arm-none-eabi/6.3.1/thumb/v6-m\libgcc.a(_udivsi3.o)
 .ARM.attributes
                0x000003ba       0x1e c:/program files (x86)/atmel/studio/7.0/toolchain/arm/arm-gnu-toolchain/bin/../lib/gcc/arm-none-eabi/6.3.1/thumb/v6-m\libgcc.a(_dvmd_tls.o)
 .ARM.attributes
                0x000003d8       0x2c c:/program files (x86)/atmel/studio/7.0/toolchain/arm/arm-gnu-toolchain/bin/../lib/gcc/arm-none-eabi/6.3.1/../../../../arm-none-eabi/lib/thumb/v6-m\libc_nano.a(lib_a-impure.o)
 .ARM.attributes
                0x00000404       0x2c c:/program files (x86)/atmel/studio/7.0/toolchain/arm/arm-gnu-toolchain/bin/../lib/gcc/arm-none-eabi/6.3.1/../../../../arm-none-eabi/lib/thumb/v6-m\libc_nano.a(lib_a-init.o)
 .ARM.attributes
                0x00000430       0x2c c:/program files (x86)/atmel/studio/7.0/toolchain/arm/arm-gnu-toolchain/bin/../lib/gcc/arm-none-eabi/6.3.1/../../../../arm-none-eabi/lib/thumb/v6-m\libc_nano.a(lib_a-memcpy-stub.o)
 .ARM.attributes
                0x0000045c       0x2c c:/program files (x86)/atmel/studio/7.0/toolchain/arm/arm-gnu-toolchain/bin/../lib/gcc/arm-none-eabi/6.3.1/../../../../arm-none-eabi/lib/thumb/v6-m\libc_nano.a(lib_a-memset.o)
 .ARM.attributes
                0x00000488       0x2c c:/program files (x86)/atmel/studio/7.0/toolchain/arm/arm-gnu-toolchain/bin/../lib/gcc/arm-none-eabi/6.3.1/../../../../arm-none-eabi/lib/thumb/v6-m\libc_nano.a(lib_a-sprintf.o)
 .ARM.attributes
                0x000004b4       0x1c c:/program files (x86)/atmel/studio/7.0/toolchain/arm/arm-gnu-toolchain/bin/../lib/gcc/arm-none-eabi/6.3.1/../../../../arm-none-eabi/lib/thumb/v6-m\libc_nano.a(lib_a-strcmp.o)
 .ARM.attributes
                0x000004d0       0x1c c:/program files (x86)/atmel/studio/7.0/toolchain/arm/arm-gnu-toolchain/bin/../lib/gcc/arm-none-eabi/6.3.1/../../../../arm-none-eabi/lib/thumb/v6-m\libc_nano.a(lib_a-strlen.o)
 .ARM.attributes
                0x000004ec       0x2c c:/program files (x86)/atmel/studio/7.0/toolchain/arm/arm-gnu-toolchain/bin/../lib/gcc/arm-none-eabi/6.3.1/../../../../arm-none-eabi/lib/thumb/v6-m\libc_nano.a(lib_a-strncmp.o)
 .ARM.attributes
                0x00000518       0x2c c:/program files (x86)/atmel/studio/7.0/toolchain/arm/arm-gnu-toolchain/bin/../lib/gcc/arm-none-eabi/6.3.1/../../../../arm-none-eabi/lib/thumb/v6-m\libc_nano.a(lib_a-strtoul.o)
 .ARM.attributes
                0x00000544       0x2c c:/program files (x86)/atmel/studio/7.0/toolchain/arm/arm-gnu-toolchain/bin/../lib/gcc/arm-none-eabi/6.3.1/../../../../arm-none-eabi/lib/thumb/v6-m\libc_nano.a(lib_a-toupper.o)
 .ARM.attributes
                0x00000570       0x2c c:/program files (x86)/atmel/studio/7.0/toolchain/arm/arm-gnu-toolchain/bin/../lib/gcc/arm-none-eabi/6.3.1/../../../../arm-none-eabi/lib/thumb/v6-m\libc_nano.a(lib_a-findfp.o)
 .ARM.attributes
                0x0000059c       0x2c c:/program files (x86)/atmel/studio/7.0/toolchain/arm/arm-gnu-toolchain/bin/../lib/gcc/arm-none-eabi/6.3.1/../../../../arm-none-eabi/lib/thumb/v6-m\libc_nano.a(lib_a-locale.o)
 .ARM.attributes
                0x000005c8       0x2c c:/program files (x86)/atmel/studio/7.0/toolchain/arm/arm-gnu-toolchain/bin/../lib/gcc/arm-none-eabi/6.3.1/../../../../arm-none-eabi/lib/thumb/v6-m\libc_nano.a(lib_a-mbtowc_r.o)
 .ARM.attributes
                0x000005f4       0x2c c:/program files (x86)/atmel/studio/7.0/toolchain/arm/arm-gnu-toolchain/bin/../lib/gcc/arm-none-eabi/6.3.1/../../../../arm-none-eabi/lib/thumb/v6-m\libc_nano.a(lib_a-nano-mallocr.o)
 .ARM.attributes
                0x00000620       0x2c c:/program files (x86)/atmel/studio/7.0/toolchain/arm/arm-gnu-toolchain/bin/../lib/gcc/arm-none-eabi/6.3.1/../../../../arm-none-eabi/lib/thumb/v6-m\libc_nano.a(lib_a-nano-svfprintf.o)
 .ARM.attributes
                0x0000064c       0x2c c:/program files (x86)/atmel/studio/7.0/toolchain/arm/arm-gnu-toolchain/bin/../lib/gcc/arm-none-eabi/6.3.1/../../../../arm-none-eabi/lib/thumb/v6-m\libc_nano.a(lib_a-nano-vfprintf_i.o)
 .ARM.attributes
                0x00000678       0x2c c:/program files (x86)/atmel/studio/7.0/toolchain/arm/arm-gnu-toolchain/bin/../lib/gcc/arm-none-eabi/6.3.1/../../../../arm-none-eabi/lib/thumb/v6-m\libc_nano.a(lib_a-sbrkr.o)
 .ARM.attributes
                0x000006a4       0x2c c:/program files (x86)/atmel/studio/7.0/toolchain/arm/arm-gnu-toolchain/bin/../lib/gcc/arm-none-eabi/6.3.1/../../../../arm-none-eabi/lib/thumb/v6-m\libc_nano.a(lib_a-wctomb_r.o)
 .ARM.attributes
                0x000006d0       0x2c c:/program files (x86)/atmel/studio/7.0/toolchain/arm/arm-gnu-toolchain/bin/../lib/gcc/arm-none-eabi/6.3.1/../../../../arm-none-eabi/lib/thumb/v6-m\libc_nano.a(lib_a-ctype_.o)
 .ARM.attributes
                0x000006fc       0x2c c:/program files (x86)/atmel/studio/7.0/toolchain/arm/arm-gnu-toolchain/bin/../lib/gcc/arm-none-eabi/6.3.1/../../../../arm-none-eabi/lib/thumb/v6-m\libc_nano.a(lib_a-memchr-stub.o)
 .ARM.attributes
                0x00000728       0x2c c:/program files (x86)/atmel/studio/7.0/toolchain/arm/arm-gnu-toolchain/bin/../lib/gcc/arm-none-eabi/6.3.1/../../../../arm-none-eabi/lib/thumb/v6-m\libc_nano.a(lib_a-memmove.o)
 .ARM.attributes
                0x00000754       0x2c c:/program files (x86)/atmel/studio/7.0/toolchain/arm/arm-gnu-toolchain/bin/../lib/gcc/arm-none-eabi/6.3.1/../../../../arm-none-eabi/lib/thumb/v6-m\libc_nano.a(lib_a-mlock.o)
 .ARM.attributes
                0x00000780       0x2c c:/program files (x86)/atmel/studio/7.0/toolchain/arm/arm-gnu-toolchain/bin/../lib/gcc/arm-none-eabi/6.3.1/../../../../arm-none-eabi/lib/thumb/v6-m\libc_nano.a(lib_a-nano-freer.o)
 .ARM.attributes
                0x000007ac       0x2c c:/program files (x86)/atmel/studio/7.0/toolchain/arm/arm-gnu-toolchain/bin/../lib/gcc/arm-none-eabi/6.3.1/../../../../arm-none-eabi/lib/thumb/v6-m\libc_nano.a(lib_a-nano-reallocr.o)
 .ARM.attributes
                0x000007d8       0x2c c:/program files (x86)/atmel/studio/7.0/toolchain/arm/arm-gnu-toolchain/bin/../lib/gcc/arm-none-eabi/6.3.1/../../../../arm-none-eabi/lib/thumb/v6-m\libc_nano.a(lib_a-reent.o)
 .ARM.attributes
                0x00000804       0x2c c:/program files (x86)/atmel/studio/7.0/toolchain/arm/arm-gnu-toolchain/bin/../lib/gcc/arm-none-eabi/6.3.1/../../../../arm-none-eabi/lib/thumb/v6-m\libc_nano.a(lib_a-nano-msizer.o)
 .ARM.attributes
                0x00000830       0x1e c:/program files (x86)/atmel/studio/7.0/toolchain/arm/arm-gnu-toolchain/bin/../lib/gcc/arm-none-eabi/6.3.1/thumb/v6-m/crtn.o

.comment        0x00000000       0x59
 .comment       0x00000000       0x59 atmel_start.o
                                 0x5a (size before relaxing)
 .comment       0x00000059       0x5a Device_Startup/startup_samd21.o
 .comment       0x00000059       0x5a driver_init.o
 .comment       0x00000059       0x5a hal/src/hal_atomic.o
 .comment       0x00000059       0x5a hal/src/hal_delay.o
 .comment       0x00000059       0x5a hal/src/hal_usb_device.o
 .comment       0x00000059       0x5a hal/utils/src/utils_syscalls.o
 .comment       0x00000059       0x5a hpl/core/hpl_core_m0plus_base.o
 .comment       0x00000059       0x5a hpl/core/hpl_init.o
 .comment       0x00000059       0x5a hpl/gclk/hpl_gclk.o
 .comment       0x00000059       0x5a hpl/pm/hpl_pm.o
 .comment       0x00000059       0x5a hpl/sysctrl/hpl_sysctrl.o
 .comment       0x00000059       0x5a hpl/usb/hpl_usb.o
 .comment       0x00000059       0x5a main.o
 .comment       0x00000059       0x5a usb/class/cdc/device/cdcdf_acm.o
 .comment       0x00000059       0x5a usb/device/usbdc.o
 .comment       0x00000059       0x5a usb_start.o

.debug_info     0x00000000    0x20c35
 .debug_info    0x00000000       0xd6 atmel_start.o
 .debug_info    0x000000d6     0x3a3f Device_Startup/startup_samd21.o
 .debug_info    0x00003b15     0x724a driver_init.o
 .debug_info    0x0000ad5f      0x1d1 hal/src/hal_atomic.o
 .debug_info    0x0000af30      0x1dc hal/src/hal_delay.o
 .debug_info    0x0000b10c     0x1e06 hal/src/hal_usb_device.o
 .debug_info    0x0000cf12      0xdca hal/utils/src/utils_syscalls.o
 .debug_info    0x0000dcdc      0x841 hpl/core/hpl_core_m0plus_base.o
 .debug_info    0x0000e51d      0x6a0 hpl/core/hpl_init.o
 .debug_info    0x0000ebbd      0x5ad hpl/gclk/hpl_gclk.o
 .debug_info    0x0000f16a      0xcd7 hpl/pm/hpl_pm.o
 .debug_info    0x0000fe41     0x18a0 hpl/sysctrl/hpl_sysctrl.o
 .debug_info    0x000116e1     0x8535 hpl/usb/hpl_usb.o
 .debug_info    0x00019c16     0x1c02 main.o
 .debug_info    0x0001b818     0x179f usb/class/cdc/device/cdcdf_acm.o
 .debug_info    0x0001cfb7     0x247a usb/device/usbdc.o
 .debug_info    0x0001f431     0x1804 usb_start.o

.debug_abbrev   0x00000000     0x3064
 .debug_abbrev  0x00000000       0x84 atmel_start.o
 .debug_abbrev  0x00000084      0x234 Device_Startup/startup_samd21.o
 .debug_abbrev  0x000002b8      0x324 driver_init.o
 .debug_abbrev  0x000005dc      0x144 hal/src/hal_atomic.o
 .debug_abbrev  0x00000720       0xe1 hal/src/hal_delay.o
 .debug_abbrev  0x00000801      0x485 hal/src/hal_usb_device.o
 .debug_abbrev  0x00000c86      0x269 hal/utils/src/utils_syscalls.o
 .debug_abbrev  0x00000eef      0x2cd hpl/core/hpl_core_m0plus_base.o
 .debug_abbrev  0x000011bc      0x1d9 hpl/core/hpl_init.o
 .debug_abbrev  0x00001395      0x1c3 hpl/gclk/hpl_gclk.o
 .debug_abbrev  0x00001558      0x211 hpl/pm/hpl_pm.o
 .debug_abbrev  0x00001769      0x27c hpl/sysctrl/hpl_sysctrl.o
 .debug_abbrev  0x000019e5      0x5d9 hpl/usb/hpl_usb.o
 .debug_abbrev  0x00001fbe      0x406 main.o
 .debug_abbrev  0x000023c4      0x422 usb/class/cdc/device/cdcdf_acm.o
 .debug_abbrev  0x000027e6      0x420 usb/device/usbdc.o
 .debug_abbrev  0x00002c06      0x45e usb_start.o

.debug_loc      0x00000000     0xa12d
 .debug_loc     0x00000000       0x20 atmel_start.o
 .debug_loc     0x00000020       0x40 Device_Startup/startup_samd21.o
 .debug_loc     0x00000060     0x12e5 driver_init.o
 .debug_loc     0x00001345       0x13 hal/src/hal_atomic.o
 .debug_loc     0x00001358       0xc3 hal/src/hal_delay.o
 .debug_loc     0x0000141b     0x138a hal/src/hal_usb_device.o
 .debug_loc     0x000027a5      0x13b hal/utils/src/utils_syscalls.o
 .debug_loc     0x000028e0      0x1f7 hpl/core/hpl_core_m0plus_base.o
 .debug_loc     0x00002ad7       0x4c hpl/core/hpl_init.o
 .debug_loc     0x00002b23      0x190 hpl/gclk/hpl_gclk.o
 .debug_loc     0x00002cb3      0x11b hpl/pm/hpl_pm.o
 .debug_loc     0x00002dce      0x200 hpl/sysctrl/hpl_sysctrl.o
 .debug_loc     0x00002fce     0x45a6 hpl/usb/hpl_usb.o
 .debug_loc     0x00007574      0x566 main.o
 .debug_loc     0x00007ada      0x982 usb/class/cdc/device/cdcdf_acm.o
 .debug_loc     0x0000845c     0x156c usb/device/usbdc.o
 .debug_loc     0x000099c8      0x765 usb_start.o

.debug_aranges  0x00000000      0x678
 .debug_aranges
                0x00000000       0x20 atmel_start.o
 .debug_aranges
                0x00000020       0x28 Device_Startup/startup_samd21.o
 .debug_aranges
                0x00000048       0x38 driver_init.o
 .debug_aranges
                0x00000080       0x30 hal/src/hal_atomic.o
 .debug_aranges
                0x000000b0       0x38 hal/src/hal_delay.o
 .debug_aranges
                0x000000e8      0x100 hal/src/hal_usb_device.o
 .debug_aranges
                0x000001e8       0x60 hal/utils/src/utils_syscalls.o
 .debug_aranges
                0x00000248       0x80 hpl/core/hpl_core_m0plus_base.o
 .debug_aranges
                0x000002c8       0x20 hpl/core/hpl_init.o
 .debug_aranges
                0x000002e8       0x28 hpl/gclk/hpl_gclk.o
 .debug_aranges
                0x00000310       0x30 hpl/pm/hpl_pm.o
 .debug_aranges
                0x00000340       0x28 hpl/sysctrl/hpl_sysctrl.o
 .debug_aranges
                0x00000368      0x128 hpl/usb/hpl_usb.o
 .debug_aranges
                0x00000490       0x20 main.o
 .debug_aranges
                0x000004b0       0x70 usb/class/cdc/device/cdcdf_acm.o
 .debug_aranges
                0x00000520       0xe0 usb/device/usbdc.o
 .debug_aranges
                0x00000600       0x78 usb_start.o

.debug_ranges   0x00000000      0xaf8
 .debug_ranges  0x00000000       0x10 atmel_start.o
 .debug_ranges  0x00000010       0x18 Device_Startup/startup_samd21.o
 .debug_ranges  0x00000028       0x28 driver_init.o
 .debug_ranges  0x00000050       0x20 hal/src/hal_atomic.o
 .debug_ranges  0x00000070       0x28 hal/src/hal_delay.o
 .debug_ranges  0x00000098      0x148 hal/src/hal_usb_device.o
 .debug_ranges  0x000001e0       0x50 hal/utils/src/utils_syscalls.o
 .debug_ranges  0x00000230       0x70 hpl/core/hpl_core_m0plus_base.o
 .debug_ranges  0x000002a0       0x10 hpl/core/hpl_init.o
 .debug_ranges  0x000002b0       0x18 hpl/gclk/hpl_gclk.o
 .debug_ranges  0x000002c8       0x20 hpl/pm/hpl_pm.o
 .debug_ranges  0x000002e8       0x48 hpl/sysctrl/hpl_sysctrl.o
 .debug_ranges  0x00000330      0x400 hpl/usb/hpl_usb.o
 .debug_ranges  0x00000730       0x60 main.o
 .debug_ranges  0x00000790       0xa8 usb/class/cdc/device/cdcdf_acm.o
 .debug_ranges  0x00000838      0x1c8 usb/device/usbdc.o
 .debug_ranges  0x00000a00       0xf8 usb_start.o

.debug_macro    0x00000000    0x18881
 .debug_macro   0x00000000      0x4e3 atmel_start.o
 .debug_macro   0x000004e3      0x89e atmel_start.o
 .debug_macro   0x00000d81      0x16d atmel_start.o
 .debug_macro   0x00000eee       0x22 atmel_start.o
 .debug_macro   0x00000f10       0x87 atmel_start.o
 .debug_macro   0x00000f97       0x51 atmel_start.o
 .debug_macro   0x00000fe8       0xef atmel_start.o
 .debug_macro   0x000010d7       0x6a atmel_start.o
 .debug_macro   0x00001141      0x1df atmel_start.o
 .debug_macro   0x00001320       0x22 atmel_start.o
 .debug_macro   0x00001342       0x3f atmel_start.o
 .debug_macro   0x00001381       0x1c atmel_start.o
 .debug_macro   0x0000139d       0x22 atmel_start.o
 .debug_macro   0x000013bf       0xb5 atmel_start.o
 .debug_macro   0x00001474      0x3ad atmel_start.o
 .debug_macro   0x00001821      0x67e atmel_start.o
 .debug_macro   0x00001e9f      0x8b1 atmel_start.o
 .debug_macro   0x00002750      0x22e atmel_start.o
 .debug_macro   0x0000297e      0xd5c atmel_start.o
 .debug_macro   0x000036da      0x4dc atmel_start.o
 .debug_macro   0x00003bb6      0x9f6 atmel_start.o
 .debug_macro   0x000045ac      0x82b atmel_start.o
 .debug_macro   0x00004dd7      0x45f atmel_start.o
 .debug_macro   0x00005236       0x5e atmel_start.o
 .debug_macro   0x00005294      0x8f9 atmel_start.o
 .debug_macro   0x00005b8d      0x21c atmel_start.o
 .debug_macro   0x00005da9      0x7eb atmel_start.o
 .debug_macro   0x00006594       0x5e atmel_start.o
 .debug_macro   0x000065f2      0x663 atmel_start.o
 .debug_macro   0x00006c55      0x3ac atmel_start.o
 .debug_macro   0x00007001      0xc76 atmel_start.o
 .debug_macro   0x00007c77     0x1092 atmel_start.o
 .debug_macro   0x00008d09      0xc4a atmel_start.o
 .debug_macro   0x00009953      0x6ba atmel_start.o
 .debug_macro   0x0000a00d     0x1b3d atmel_start.o
 .debug_macro   0x0000bb4a     0x143c atmel_start.o
 .debug_macro   0x0000cf86      0x340 atmel_start.o
 .debug_macro   0x0000d2c6       0x7c atmel_start.o
 .debug_macro   0x0000d342       0xa0 atmel_start.o
 .debug_macro   0x0000d3e2       0x4c atmel_start.o
 .debug_macro   0x0000d42e       0xca atmel_start.o
 .debug_macro   0x0000d4f8       0x94 atmel_start.o
 .debug_macro   0x0000d58c       0x58 atmel_start.o
 .debug_macro   0x0000d5e4      0x364 atmel_start.o
 .debug_macro   0x0000d948       0x82 atmel_start.o
 .debug_macro   0x0000d9ca      0x189 atmel_start.o
 .debug_macro   0x0000db53       0xb8 atmel_start.o
 .debug_macro   0x0000dc0b       0xa0 atmel_start.o
 .debug_macro   0x0000dcab       0xb8 atmel_start.o
 .debug_macro   0x0000dd63       0x1c atmel_start.o
 .debug_macro   0x0000dd7f       0x1c atmel_start.o
 .debug_macro   0x0000dd9b       0x1c atmel_start.o
 .debug_macro   0x0000ddb7       0x82 atmel_start.o
 .debug_macro   0x0000de39      0x15a atmel_start.o
 .debug_macro   0x0000df93       0x10 atmel_start.o
 .debug_macro   0x0000dfa3       0xdc atmel_start.o
 .debug_macro   0x0000e07f      0x124 atmel_start.o
 .debug_macro   0x0000e1a3      0x124 atmel_start.o
 .debug_macro   0x0000e2c7      0x124 atmel_start.o
 .debug_macro   0x0000e3eb      0x124 atmel_start.o
 .debug_macro   0x0000e50f      0x124 atmel_start.o
 .debug_macro   0x0000e633       0xe2 atmel_start.o
 .debug_macro   0x0000e715       0xe2 atmel_start.o
 .debug_macro   0x0000e7f7       0xe2 atmel_start.o
 .debug_macro   0x0000e8d9      0x130 atmel_start.o
 .debug_macro   0x0000ea09      0x106 atmel_start.o
 .debug_macro   0x0000eb0f       0xfa atmel_start.o
 .debug_macro   0x0000ec09      0x40f atmel_start.o
 .debug_macro   0x0000f018       0x40 atmel_start.o
 .debug_macro   0x0000f058      0x361 atmel_start.o
 .debug_macro   0x0000f3b9     0x101b atmel_start.o
 .debug_macro   0x000103d4       0x7b atmel_start.o
 .debug_macro   0x0001044f       0x10 atmel_start.o
 .debug_macro   0x0001045f       0x10 atmel_start.o
 .debug_macro   0x0001046f       0x16 atmel_start.o
 .debug_macro   0x00010485       0x16 atmel_start.o
 .debug_macro   0x0001049b       0x16 atmel_start.o
 .debug_macro   0x000104b1       0x16 atmel_start.o
 .debug_macro   0x000104c7       0x16 atmel_start.o
 .debug_macro   0x000104dd       0x16 atmel_start.o
 .debug_macro   0x000104f3       0x16 atmel_start.o
 .debug_macro   0x00010509       0x16 atmel_start.o
 .debug_macro   0x0001051f       0x16 atmel_start.o
 .debug_macro   0x00010535       0x16 atmel_start.o
 .debug_macro   0x0001054b       0x16 atmel_start.o
 .debug_macro   0x00010561       0x16 atmel_start.o
 .debug_macro   0x00010577       0x16 atmel_start.o
 .debug_macro   0x0001058d       0x16 atmel_start.o
 .debug_macro   0x000105a3      0x4c3 atmel_start.o
 .debug_macro   0x00010a66       0x94 atmel_start.o
 .debug_macro   0x00010afa       0x16 atmel_start.o
 .debug_macro   0x00010b10       0x6a atmel_start.o
 .debug_macro   0x00010b7a      0x28c atmel_start.o
 .debug_macro   0x00010e06      0x4d8 atmel_start.o
 .debug_macro   0x000112de       0x16 atmel_start.o
 .debug_macro   0x000112f4       0xca atmel_start.o
 .debug_macro   0x000113be       0x1c atmel_start.o
 .debug_macro   0x000113da       0x16 atmel_start.o
 .debug_macro   0x000113f0       0x82 atmel_start.o
 .debug_macro   0x00011472       0xc9 atmel_start.o
 .debug_macro   0x0001153b       0xcb atmel_start.o
 .debug_macro   0x00011606       0xee atmel_start.o
 .debug_macro   0x000116f4      0x2e8 Device_Startup/startup_samd21.o
 .debug_macro   0x000119dc       0x39 Device_Startup/startup_samd21.o
 .debug_macro   0x00011a15      0x4f6 driver_init.o
 .debug_macro   0x00011f0b       0x1c driver_init.o
 .debug_macro   0x00011f27      0x416 hal/src/hal_atomic.o
 .debug_macro   0x0001233d      0x448 hal/src/hal_delay.o
 .debug_macro   0x00012785      0x4fe hal/src/hal_usb_device.o
 .debug_macro   0x00012c83       0x58 hal/src/hal_usb_device.o
 .debug_macro   0x00012cdb       0x35 hal/src/hal_usb_device.o
 .debug_macro   0x00012d10       0x9c hal/src/hal_usb_device.o
 .debug_macro   0x00012dac       0x58 hal/src/hal_usb_device.o
 .debug_macro   0x00012e04       0x1f hal/src/hal_usb_device.o
 .debug_macro   0x00012e23       0x43 hal/src/hal_usb_device.o
 .debug_macro   0x00012e66       0x20 hal/src/hal_usb_device.o
 .debug_macro   0x00012e86      0x187 hal/src/hal_usb_device.o
 .debug_macro   0x0001300d      0x34d hal/src/hal_usb_device.o
 .debug_macro   0x0001335a       0x10 hal/src/hal_usb_device.o
 .debug_macro   0x0001336a       0x35 hal/src/hal_usb_device.o
 .debug_macro   0x0001339f      0x1d6 hal/utils/src/utils_syscalls.o
 .debug_macro   0x00013575       0x52 hal/utils/src/utils_syscalls.o
 .debug_macro   0x000135c7       0x8d hal/utils/src/utils_syscalls.o
 .debug_macro   0x00013654       0x16 hal/utils/src/utils_syscalls.o
 .debug_macro   0x0001366a       0x57 hal/utils/src/utils_syscalls.o
 .debug_macro   0x000136c1       0x97 hal/utils/src/utils_syscalls.o
 .debug_macro   0x00013758      0x353 hal/utils/src/utils_syscalls.o
 .debug_macro   0x00013aab       0xf6 hal/utils/src/utils_syscalls.o
 .debug_macro   0x00013ba1       0x10 hal/utils/src/utils_syscalls.o
 .debug_macro   0x00013bb1       0x10 hal/utils/src/utils_syscalls.o
 .debug_macro   0x00013bc1       0x1c hal/utils/src/utils_syscalls.o
 .debug_macro   0x00013bdd       0x52 hal/utils/src/utils_syscalls.o
 .debug_macro   0x00013c2f       0x40 hal/utils/src/utils_syscalls.o
 .debug_macro   0x00013c6f       0x10 hal/utils/src/utils_syscalls.o
 .debug_macro   0x00013c7f       0x40 hal/utils/src/utils_syscalls.o
 .debug_macro   0x00013cbf       0xd7 hal/utils/src/utils_syscalls.o
 .debug_macro   0x00013d96       0x16 hal/utils/src/utils_syscalls.o
 .debug_macro   0x00013dac      0x18b hal/utils/src/utils_syscalls.o
 .debug_macro   0x00013f37       0x4c hal/utils/src/utils_syscalls.o
 .debug_macro   0x00013f83       0x16 hal/utils/src/utils_syscalls.o
 .debug_macro   0x00013f99       0x10 hal/utils/src/utils_syscalls.o
 .debug_macro   0x00013fa9       0x10 hal/utils/src/utils_syscalls.o
 .debug_macro   0x00013fb9       0x35 hal/utils/src/utils_syscalls.o
 .debug_macro   0x00013fee      0x122 hal/utils/src/utils_syscalls.o
 .debug_macro   0x00014110      0x46d hpl/core/hpl_core_m0plus_base.o
 .debug_macro   0x0001457d      0x490 hpl/core/hpl_init.o
 .debug_macro   0x00014a0d       0x2e hpl/core/hpl_init.o
 .debug_macro   0x00014a3b      0x6ec hpl/core/hpl_init.o
 .debug_macro   0x00015127      0x432 hpl/gclk/hpl_gclk.o
 .debug_macro   0x00015559      0x1f3 hpl/gclk/hpl_gclk.o
 .debug_macro   0x0001574c      0x455 hpl/pm/hpl_pm.o
 .debug_macro   0x00015ba1      0x42c hpl/sysctrl/hpl_sysctrl.o
 .debug_macro   0x00015fcd      0x2da hpl/sysctrl/hpl_sysctrl.o
 .debug_macro   0x000162a7      0x6c6 hpl/usb/hpl_usb.o
 .debug_macro   0x0001696d      0x711 main.o
 .debug_macro   0x0001707e       0x76 main.o
 .debug_macro   0x000170f4      0x11b main.o
 .debug_macro   0x0001720f      0x12b main.o
 .debug_macro   0x0001733a      0x256 main.o
 .debug_macro   0x00017590       0x4c main.o
 .debug_macro   0x000175dc       0x1c main.o
 .debug_macro   0x000175f8       0x16 main.o
 .debug_macro   0x0001760e       0x16 main.o
 .debug_macro   0x00017624       0x29 main.o
 .debug_macro   0x0001764d      0x560 usb/class/cdc/device/cdcdf_acm.o
 .debug_macro   0x00017bad       0xaf usb/class/cdc/device/cdcdf_acm.o
 .debug_macro   0x00017c5c       0xd1 usb/class/cdc/device/cdcdf_acm.o
 .debug_macro   0x00017d2d      0x540 usb/device/usbdc.o
 .debug_macro   0x0001826d      0x614 usb_start.o

.debug_line     0x00000000     0xbf97
 .debug_line    0x00000000      0xa79 atmel_start.o
 .debug_line    0x00000a79      0x6dd Device_Startup/startup_samd21.o
 .debug_line    0x00001156      0xc14 driver_init.o
 .debug_line    0x00001d6a      0x974 hal/src/hal_atomic.o
 .debug_line    0x000026de      0x99f hal/src/hal_delay.o
 .debug_line    0x0000307d      0xd2d hal/src/hal_usb_device.o
 .debug_line    0x00003daa      0x40b hal/utils/src/utils_syscalls.o
 .debug_line    0x000041b5      0xb0e hpl/core/hpl_core_m0plus_base.o
 .debug_line    0x00004cc3      0xa1f hpl/core/hpl_init.o
 .debug_line    0x000056e2      0x9b8 hpl/gclk/hpl_gclk.o
 .debug_line    0x0000609a      0x9e4 hpl/pm/hpl_pm.o
 .debug_line    0x00006a7e      0xa65 hpl/sysctrl/hpl_sysctrl.o
 .debug_line    0x000074e3     0x150c hpl/usb/hpl_usb.o
 .debug_line    0x000089ef      0xde0 main.o
 .debug_line    0x000097cf      0xc6c usb/class/cdc/device/cdcdf_acm.o
 .debug_line    0x0000a43b      0xdf3 usb/device/usbdc.o
 .debug_line    0x0000b22e      0xd69 usb_start.o

.debug_str      0x00000000    0x82bba
 .debug_str     0x00000000    0x730d9 atmel_start.o
                              0x73509 (size before relaxing)
 .debug_str     0x000730d9     0x109f Device_Startup/startup_samd21.o
                              0x6a9cb (size before relaxing)
 .debug_str     0x00074178      0xb9d driver_init.o
                              0x74ed9 (size before relaxing)
 .debug_str     0x00074d15       0xb7 hal/src/hal_atomic.o
                              0x724a7 (size before relaxing)
 .debug_str     0x00074dcc       0x9b hal/src/hal_delay.o
                              0x72511 (size before relaxing)
 .debug_str     0x00074e67     0x349b hal/src/hal_usb_device.o
                              0x766a8 (size before relaxing)
 .debug_str     0x00078302     0x18f7 hal/utils/src/utils_syscalls.o
                               0x7300 (size before relaxing)
 .debug_str     0x00079bf9      0x2fe hpl/core/hpl_core_m0plus_base.o
                              0x72e18 (size before relaxing)
 .debug_str     0x00079ef7     0x17d7 hpl/core/hpl_init.o
                              0x73f88 (size before relaxing)
 .debug_str     0x0007b6ce      0x851 hpl/gclk/hpl_gclk.o
                              0x72dd6 (size before relaxing)
 .debug_str     0x0007bf1f      0x194 hpl/pm/hpl_pm.o
                              0x72b04 (size before relaxing)
 .debug_str     0x0007c0b3     0x128f hpl/sysctrl/hpl_sysctrl.o
                              0x7391b (size before relaxing)
 .debug_str     0x0007d342     0x179e hpl/usb/hpl_usb.o
                              0x78790 (size before relaxing)
 .debug_str     0x0007eae0     0x314d main.o
                              0x7a775 (size before relaxing)
 .debug_str     0x00081c2d      0x77f usb/class/cdc/device/cdcdf_acm.o
                              0x78a9e (size before relaxing)
 .debug_str     0x000823ac      0x588 usb/device/usbdc.o
                              0x78107 (size before relaxing)
 .debug_str     0x00082934      0x286 usb_start.o
                              0x795fe (size before relaxing)

.debug_frame    0x00000000     0x1618
 .debug_frame   0x00000000       0x28 atmel_start.o
 .debug_frame   0x00000028       0x40 Device_Startup/startup_samd21.o
 .debug_frame   0x00000068       0x7c driver_init.o
 .debug_frame   0x000000e4       0x40 hal/src/hal_atomic.o
 .debug_frame   0x00000124       0x68 hal/src/hal_delay.o
 .debug_frame   0x0000018c      0x314 hal/src/hal_usb_device.o
 .debug_frame   0x000004a0       0xa8 hal/utils/src/utils_syscalls.o
 .debug_frame   0x00000548       0xfc hpl/core/hpl_core_m0plus_base.o
 .debug_frame   0x00000644       0x28 hpl/core/hpl_init.o
 .debug_frame   0x0000066c       0x30 hpl/gclk/hpl_gclk.o
 .debug_frame   0x0000069c       0x40 hpl/pm/hpl_pm.o
 .debug_frame   0x000006dc       0x30 hpl/sysctrl/hpl_sysctrl.o
 .debug_frame   0x0000070c      0x378 hpl/usb/hpl_usb.o
 .debug_frame   0x00000a84       0x38 main.o
 .debug_frame   0x00000abc      0x124 usb/class/cdc/device/cdcdf_acm.o
 .debug_frame   0x00000be0      0x274 usb/device/usbdc.o
 .debug_frame   0x00000e54      0x158 usb_start.o
 .debug_frame   0x00000fac       0x20 c:/program files (x86)/atmel/studio/7.0/toolchain/arm/arm-gnu-toolchain/bin/../lib/gcc/arm-none-eabi/6.3.1/thumb/v6-m\libgcc.a(_udivsi3.o)
 .debug_frame   0x00000fcc       0x2c c:/program files (x86)/atmel/studio/7.0/toolchain/arm/arm-gnu-toolchain/bin/../lib/gcc/arm-none-eabi/6.3.1/../../../../arm-none-eabi/lib/thumb/v6-m\libc_nano.a(lib_a-init.o)
 .debug_frame   0x00000ff8       0x28 c:/program files (x86)/atmel/studio/7.0/toolchain/arm/arm-gnu-toolchain/bin/../lib/gcc/arm-none-eabi/6.3.1/../../../../arm-none-eabi/lib/thumb/v6-m\libc_nano.a(lib_a-memcpy-stub.o)
 .debug_frame   0x00001020       0x20 c:/program files (x86)/atmel/studio/7.0/toolchain/arm/arm-gnu-toolchain/bin/../lib/gcc/arm-none-eabi/6.3.1/../../../../arm-none-eabi/lib/thumb/v6-m\libc_nano.a(lib_a-memset.o)
 .debug_frame   0x00001040       0x50 c:/program files (x86)/atmel/studio/7.0/toolchain/arm/arm-gnu-toolchain/bin/../lib/gcc/arm-none-eabi/6.3.1/../../../../arm-none-eabi/lib/thumb/v6-m\libc_nano.a(lib_a-sprintf.o)
 .debug_frame   0x00001090       0x20 c:/program files (x86)/atmel/studio/7.0/toolchain/arm/arm-gnu-toolchain/bin/../lib/gcc/arm-none-eabi/6.3.1/../../../../arm-none-eabi/lib/thumb/v6-m\libc_nano.a(lib_a-strcmp.o)
 .debug_frame   0x000010b0       0x2c c:/program files (x86)/atmel/studio/7.0/toolchain/arm/arm-gnu-toolchain/bin/../lib/gcc/arm-none-eabi/6.3.1/../../../../arm-none-eabi/lib/thumb/v6-m\libc_nano.a(lib_a-strncmp.o)
 .debug_frame   0x000010dc       0x88 c:/program files (x86)/atmel/studio/7.0/toolchain/arm/arm-gnu-toolchain/bin/../lib/gcc/arm-none-eabi/6.3.1/../../../../arm-none-eabi/lib/thumb/v6-m\libc_nano.a(lib_a-strtoul.o)
 .debug_frame   0x00001164       0x28 c:/program files (x86)/atmel/studio/7.0/toolchain/arm/arm-gnu-toolchain/bin/../lib/gcc/arm-none-eabi/6.3.1/../../../../arm-none-eabi/lib/thumb/v6-m\libc_nano.a(lib_a-toupper.o)
 .debug_frame   0x0000118c      0x140 c:/program files (x86)/atmel/studio/7.0/toolchain/arm/arm-gnu-toolchain/bin/../lib/gcc/arm-none-eabi/6.3.1/../../../../arm-none-eabi/lib/thumb/v6-m\libc_nano.a(lib_a-findfp.o)
 .debug_frame   0x000012cc       0x74 c:/program files (x86)/atmel/studio/7.0/toolchain/arm/arm-gnu-toolchain/bin/../lib/gcc/arm-none-eabi/6.3.1/../../../../arm-none-eabi/lib/thumb/v6-m\libc_nano.a(lib_a-locale.o)
 .debug_frame   0x00001340       0x44 c:/program files (x86)/atmel/studio/7.0/toolchain/arm/arm-gnu-toolchain/bin/../lib/gcc/arm-none-eabi/6.3.1/../../../../arm-none-eabi/lib/thumb/v6-m\libc_nano.a(lib_a-mbtowc_r.o)
 .debug_frame   0x00001384       0x2c c:/program files (x86)/atmel/studio/7.0/toolchain/arm/arm-gnu-toolchain/bin/../lib/gcc/arm-none-eabi/6.3.1/../../../../arm-none-eabi/lib/thumb/v6-m\libc_nano.a(lib_a-nano-mallocr.o)
 .debug_frame   0x000013b0       0x74 c:/program files (x86)/atmel/studio/7.0/toolchain/arm/arm-gnu-toolchain/bin/../lib/gcc/arm-none-eabi/6.3.1/../../../../arm-none-eabi/lib/thumb/v6-m\libc_nano.a(lib_a-nano-svfprintf.o)
 .debug_frame   0x00001424       0x54 c:/program files (x86)/atmel/studio/7.0/toolchain/arm/arm-gnu-toolchain/bin/../lib/gcc/arm-none-eabi/6.3.1/../../../../arm-none-eabi/lib/thumb/v6-m\libc_nano.a(lib_a-nano-vfprintf_i.o)
 .debug_frame   0x00001478       0x2c c:/program files (x86)/atmel/studio/7.0/toolchain/arm/arm-gnu-toolchain/bin/../lib/gcc/arm-none-eabi/6.3.1/../../../../arm-none-eabi/lib/thumb/v6-m\libc_nano.a(lib_a-sbrkr.o)
 .debug_frame   0x000014a4       0x38 c:/program files (x86)/atmel/studio/7.0/toolchain/arm/arm-gnu-toolchain/bin/../lib/gcc/arm-none-eabi/6.3.1/../../../../arm-none-eabi/lib/thumb/v6-m\libc_nano.a(lib_a-wctomb_r.o)
 .debug_frame   0x000014dc       0x20 c:/program files (x86)/atmel/studio/7.0/toolchain/arm/arm-gnu-toolchain/bin/../lib/gcc/arm-none-eabi/6.3.1/../../../../arm-none-eabi/lib/thumb/v6-m\libc_nano.a(lib_a-memchr-stub.o)
 .debug_frame   0x000014fc       0x28 c:/program files (x86)/atmel/studio/7.0/toolchain/arm/arm-gnu-toolchain/bin/../lib/gcc/arm-none-eabi/6.3.1/../../../../arm-none-eabi/lib/thumb/v6-m\libc_nano.a(lib_a-memmove.o)
 .debug_frame   0x00001524       0x30 c:/program files (x86)/atmel/studio/7.0/toolchain/arm/arm-gnu-toolchain/bin/../lib/gcc/arm-none-eabi/6.3.1/../../../../arm-none-eabi/lib/thumb/v6-m\libc_nano.a(lib_a-mlock.o)
 .debug_frame   0x00001554       0x2c c:/program files (x86)/atmel/studio/7.0/toolchain/arm/arm-gnu-toolchain/bin/../lib/gcc/arm-none-eabi/6.3.1/../../../../arm-none-eabi/lib/thumb/v6-m\libc_nano.a(lib_a-nano-freer.o)
 .debug_frame   0x00001580       0x30 c:/program files (x86)/atmel/studio/7.0/toolchain/arm/arm-gnu-toolchain/bin/../lib/gcc/arm-none-eabi/6.3.1/../../../../arm-none-eabi/lib/thumb/v6-m\libc_nano.a(lib_a-nano-reallocr.o)
 .debug_frame   0x000015b0       0x48 c:/program files (x86)/atmel/studio/7.0/toolchain/arm/arm-gnu-toolchain/bin/../lib/gcc/arm-none-eabi/6.3.1/../../../../arm-none-eabi/lib/thumb/v6-m\libc_nano.a(lib_a-reent.o)
 .debug_frame   0x000015f8       0x20 c:/program files (x86)/atmel/studio/7.0/toolchain/arm/arm-gnu-toolchain/bin/../lib/gcc/arm-none-eabi/6.3.1/../../../../arm-none-eabi/lib/thumb/v6-m\libc_nano.a(lib_a-nano-msizer.o)
