Archive member included to satisfy reference by file (symbol)

c:/program files (x86)/atmel/studio/7.0/toolchain/arm/arm-gnu-toolchain/bin/../lib/gcc/arm-none-eabi/6.3.1/thumb/v6-m\libgcc.a(_udivsi3.o)
                              hpl/core/hpl_core_m0plus_base.o (__aeabi_uidiv)
c:/program files (x86)/atmel/studio/7.0/toolchain/arm/arm-gnu-toolchain/bin/../lib/gcc/arm-none-eabi/6.3.1/thumb/v6-m\libgcc.a(_dvmd_tls.o)
                              c:/program files (x86)/atmel/studio/7.0/toolchain/arm/arm-gnu-toolchain/bin/../lib/gcc/arm-none-eabi/6.3.1/thumb/v6-m\libgcc.a(_udivsi3.o) (__aeabi_idiv0)
c:/program files (x86)/atmel/studio/7.0/toolchain/arm/arm-gnu-toolchain/bin/../lib/gcc/arm-none-eabi/6.3.1/../../../../arm-none-eabi/lib/thumb/v6-m\libc_nano.a(lib_a-exit.o)
                              c:/program files (x86)/atmel/studio/7.0/toolchain/arm/arm-gnu-toolchain/bin/../lib/gcc/arm-none-eabi/6.3.1/../../../../arm-none-eabi/lib/thumb/v6-m/crt0.o (exit)
c:/program files (x86)/atmel/studio/7.0/toolchain/arm/arm-gnu-toolchain/bin/../lib/gcc/arm-none-eabi/6.3.1/../../../../arm-none-eabi/lib/thumb/v6-m\libc_nano.a(lib_a-impure.o)
                              c:/program files (x86)/atmel/studio/7.0/toolchain/arm/arm-gnu-toolchain/bin/../lib/gcc/arm-none-eabi/6.3.1/../../../../arm-none-eabi/lib/thumb/v6-m\libc_nano.a(lib_a-exit.o) (_global_impure_ptr)
c:/program files (x86)/atmel/studio/7.0/toolchain/arm/arm-gnu-toolchain/bin/../lib/gcc/arm-none-eabi/6.3.1/../../../../arm-none-eabi/lib/thumb/v6-m\libc_nano.a(lib_a-init.o)
                              c:/program files (x86)/atmel/studio/7.0/toolchain/arm/arm-gnu-toolchain/bin/../lib/gcc/arm-none-eabi/6.3.1/../../../../arm-none-eabi/lib/thumb/v6-m/crt0.o (__libc_init_array)
c:/program files (x86)/atmel/studio/7.0/toolchain/arm/arm-gnu-toolchain/bin/../lib/gcc/arm-none-eabi/6.3.1/../../../../arm-none-eabi/lib/thumb/v6-m\libc_nano.a(lib_a-memcpy-stub.o)
                              hpl/usb/hpl_usb.o (memcpy)
c:/program files (x86)/atmel/studio/7.0/toolchain/arm/arm-gnu-toolchain/bin/../lib/gcc/arm-none-eabi/6.3.1/../../../../arm-none-eabi/lib/thumb/v6-m\libc_nano.a(lib_a-memset.o)
                              c:/program files (x86)/atmel/studio/7.0/toolchain/arm/arm-gnu-toolchain/bin/../lib/gcc/arm-none-eabi/6.3.1/../../../../arm-none-eabi/lib/thumb/v6-m/crt0.o (memset)
c:/program files (x86)/atmel/studio/7.0/toolchain/arm/arm-gnu-toolchain/bin/../lib/gcc/arm-none-eabi/6.3.1/../../../../arm-none-eabi/lib/thumb/v6-m\libc_nano.a(lib_a-printf.o)
                              hal/utils/src/utils_syscalls.o (printf)
c:/program files (x86)/atmel/studio/7.0/toolchain/arm/arm-gnu-toolchain/bin/../lib/gcc/arm-none-eabi/6.3.1/../../../../arm-none-eabi/lib/thumb/v6-m\libc_nano.a(lib_a-sprintf.o)
                              main.o (sprintf)
c:/program files (x86)/atmel/studio/7.0/toolchain/arm/arm-gnu-toolchain/bin/../lib/gcc/arm-none-eabi/6.3.1/../../../../arm-none-eabi/lib/thumb/v6-m\libc_nano.a(lib_a-strcmp.o)
                              usb_start.o (strcmp)
c:/program files (x86)/atmel/studio/7.0/toolchain/arm/arm-gnu-toolchain/bin/../lib/gcc/arm-none-eabi/6.3.1/../../../../arm-none-eabi/lib/thumb/v6-m\libc_nano.a(lib_a-strlen.o)
                              main.o (strlen)
c:/program files (x86)/atmel/studio/7.0/toolchain/arm/arm-gnu-toolchain/bin/../lib/gcc/arm-none-eabi/6.3.1/../../../../arm-none-eabi/lib/thumb/v6-m\libc_nano.a(lib_a-strncmp.o)
                              usb_start.o (strncmp)
c:/program files (x86)/atmel/studio/7.0/toolchain/arm/arm-gnu-toolchain/bin/../lib/gcc/arm-none-eabi/6.3.1/../../../../arm-none-eabi/lib/thumb/v6-m\libc_nano.a(lib_a-strtoul.o)
                              usb_start.o (strtoul)
c:/program files (x86)/atmel/studio/7.0/toolchain/arm/arm-gnu-toolchain/bin/../lib/gcc/arm-none-eabi/6.3.1/../../../../arm-none-eabi/lib/thumb/v6-m\libc_nano.a(lib_a-toupper.o)
                              usb_start.o (toupper)
c:/program files (x86)/atmel/studio/7.0/toolchain/arm/arm-gnu-toolchain/bin/../lib/gcc/arm-none-eabi/6.3.1/../../../../arm-none-eabi/lib/thumb/v6-m\libc_nano.a(lib_a-findfp.o)
                              c:/program files (x86)/atmel/studio/7.0/toolchain/arm/arm-gnu-toolchain/bin/../lib/gcc/arm-none-eabi/6.3.1/../../../../arm-none-eabi/lib/thumb/v6-m\libc_nano.a(lib_a-printf.o) (__sinit)
c:/program files (x86)/atmel/studio/7.0/toolchain/arm/arm-gnu-toolchain/bin/../lib/gcc/arm-none-eabi/6.3.1/../../../../arm-none-eabi/lib/thumb/v6-m\libc_nano.a(lib_a-fwalk.o)
                              c:/program files (x86)/atmel/studio/7.0/toolchain/arm/arm-gnu-toolchain/bin/../lib/gcc/arm-none-eabi/6.3.1/../../../../arm-none-eabi/lib/thumb/v6-m\libc_nano.a(lib_a-findfp.o) (_fwalk)
c:/program files (x86)/atmel/studio/7.0/toolchain/arm/arm-gnu-toolchain/bin/../lib/gcc/arm-none-eabi/6.3.1/../../../../arm-none-eabi/lib/thumb/v6-m\libc_nano.a(lib_a-locale.o)
[...]
Memory Configuration

Name             Origin             Length             Attributes
rom              0x00000000         0x00008000         xr
ram              0x20000000         0x00001000         xrw
*default*        0x00000000         0xffffffff

Linker script and memory map

LOAD c:/program files (x86)/atmel/studio/7.0/toolchain/arm/arm-gnu-toolchain/bin/../lib/gcc/arm-none-eabi/6.3.1/thumb/v6-m/crti.o
LOAD c:/program files (x86)/atmel/studio/7.0/toolchain/arm/arm-gnu-toolchain/bin/../lib/gcc/arm-none-eabi/6.3.1/thumb/v6-m/crtbegin.o
LOAD c:/program files (x86)/atmel/studio/7.0/toolchain/arm/arm-gnu-toolchain/bin/../lib/gcc/arm-none-eabi/6.3.1/../../../../arm-none-eabi/lib/thumb/v6-m/crt0.o
LOAD atmel_start.o
LOAD cdc_acm_usb.o
LOAD Device_Startup/startup_samd21.o
LOAD Device_Startup/system_samd21.o
LOAD driver_init.o
LOAD examples/driver_examples.o
LOAD hal/src/hal_atomic.o
LOAD hal/src/hal_delay.o
LOAD hal/src/hal_gpio.o
LOAD hal/src/hal_init.o
LOAD hal/src/hal_io.o
LOAD hal/src/hal_sleep.o
LOAD hal/src/hal_usb_device.o
LOAD hal/utils/src/utils_assert.o
LOAD hal/utils/src/utils_event.o
LOAD hal/utils/src/utils_list.o
LOAD hal/utils/src/utils_syscalls.o
LOAD hpl/core/hpl_core_m0plus_base.o
LOAD hpl/core/hpl_init.o
LOAD hpl/dmac/hpl_dmac.o
LOAD hpl/gclk/hpl_gclk.o
LOAD hpl/pm/hpl_pm.o
LOAD hpl/sysctrl/hpl_sysctrl.o
LOAD hpl/usb/hpl_usb.o
LOAD main.o
LOAD usb/class/cdc/device/cdcdf_acm.o
LOAD usb/device/usbdc.o
LOAD usb/usb_protocol.o
LOAD usb_start.o
START GROUP
LOAD c:/program files (x86)/atmel/studio/7.0/toolchain/arm/arm-gnu-toolchain/bin/../lib/gcc/arm-none-eabi/6.3.1/../../../../arm-none-eabi/lib/thumb/v6-m\libm.a
END GROUP
START GROUP
LOAD c:/program files (x86)/atmel/studio/7.0/toolchain/arm/arm-gnu-toolchain/bin/../lib/gcc/arm-none-eabi/6.3.1/thumb/v6-m\libgcc.a
LOAD c:/program files (x86)/atmel/studio/7.0/toolchain/arm/arm-gnu-toolchain/bin/../lib/gcc/arm-none-eabi/6.3.1/../../../../arm-none-eabi/lib/thumb/v6-m\libc_nano.a
END GROUP
START GROUP
LOAD c:/program files (x86)/atmel/studio/7.0/toolchain/arm/arm-gnu-toolchain/bin/../lib/gcc/arm-none-eabi/6.3.1/thumb/v6-m\libgcc.a
LOAD c:/program files (x86)/atmel/studio/7.0/toolchain/arm/arm-gnu-toolchain/bin/../lib/gcc/arm-none-eabi/6.3.1/../../../../arm-none-eabi/lib/thumb/v6-m\libc_nano.a
END GROUP
LOAD c:/program files (x86)/atmel/studio/7.0/toolchain/arm/arm-gnu-toolchain/bin/../lib/gcc/arm-none-eabi/6.3.1/thumb/v6-m/crtend.o
LOAD c:/program files (x86)/atmel/studio/7.0/toolchain/arm/arm-gnu-toolchain/bin/../lib/gcc/arm-none-eabi/6.3.1/thumb/v6-m/crtn.o
                0x00000400                STACK_SIZE = DEFINED (STACK_SIZE)?STACK_SIZE:DEFINED (__stack_size__)?__stack_size__:0x400

.text           0x00000000     0x4530
                0x00000000                . = ALIGN (0x4)
                0x00000000                _sfixed = .
 *(.vectors .vectors.*)
 .vectors       0x00000000       0xb4 Device_Startup/startup_samd21.o
                0x00000000                exception_table
 *(.text .text.* .gnu.linkonce.t.*)
 .text          0x000000b4       0x60 c:/program files (x86)/atmel/studio/7.0/toolchain/arm/arm-gnu-toolchain/bin/../lib/gcc/arm-none-eabi/6.3.1/thumb/v6-m/crtbegin.o
 .text.atmel_start_init
                0x00000114        0xc atmel_start.o
                0x00000114                atmel_start_init
 .text.Dummy_Handler
                0x00000120        0x2 Device_Startup/startup_samd21.o
                0x00000120                SVCall_Handler
                0x00000120                DMAC_Handler
                0x00000120                HardFault_Handler
                0x00000120                AC_Handler
                0x00000120                SysTick_Handler
                0x00000120                PendSV_Handler
                0x00000120                SERCOM1_Handler
                0x00000120                ADC_Handler
                0x00000120                NonMaskableInt_Handler
                0x00000120                TCC1_Handler
                0x00000120                SERCOM2_Handler
                0x00000120                TCC0_Handler
                0x00000120                RTC_Handler
                0x00000120                EIC_Handler
                0x00000120                WDT_Handler
                0x00000120                TC4_Handler
                0x00000120                TC3_Handler
                0x00000120                Dummy_Handler
                0x00000120                PM_Handler
                0x00000120                TCC2_Handler
                0x00000120                EVSYS_Handler
                0x00000120                SERCOM3_Handler
                0x00000120                I2S_Handler
                0x00000120                NVMCTRL_Handler
                0x00000120                SERCOM0_Handler
                0x00000120                DAC_Handler
                0x00000120                PTC_Handler
                0x00000120                TC5_Handler
                0x00000120                SYSCTRL_Handler
 *fill*         0x00000122        0x2 
 .text.Reset_Handler
                0x00000124       0xe4 Device_Startup/startup_samd21.o
                0x00000124                Reset_Handler
 .text.USB_0_PORT_init
                0x00000208       0x88 driver_init.o
                0x00000208                USB_0_PORT_init
 .text.USB_0_CLOCK_init
                0x00000290       0x28 driver_init.o
                0x00000290                USB_0_CLOCK_init
 .text.USB_0_init
                0x000002b8       0x1c driver_init.o
                0x000002b8                USB_0_init
 .text.system_init
                0x000002d4      0x140 driver_init.o
                0x000002d4                system_init
 .text.atomic_enter_critical
                0x00000414        0xe hal/src/hal_atomic.o
                0x00000414                atomic_enter_critical
 .text.atomic_leave_critical
                0x00000422        0xc hal/src/hal_atomic.o
                0x00000422                atomic_leave_critical
 *fill*         0x0000042e        0x2 
 .text.delay_ms
                0x00000430       0x20 hal/src/hal_delay.o
                0x00000430                delay_ms
 .text._usb_d_find_ep
                0x00000450       0x44 hal/src/hal_usb_device.o
 .text.usb_d_dummy_cb_false
                0x00000494        0x4 hal/src/hal_usb_device.o
 .text.usb_d_cb_trans_more
                0x00000498       0x38 hal/src/hal_usb_device.o
 .text._usb_d_cb_trans_done
                0x000004d0      0x160 hal/src/hal_usb_device.o
 .text.usb_d_cb_trans_setup
                0x00000630       0x90 hal/src/hal_usb_device.o
 .text.usb_d_init
                0x000006c0       0x64 hal/src/hal_usb_device.o
                0x000006c0                usb_d_init
 .text.usb_d_register_callback
                0x00000724        0xc hal/src/hal_usb_device.o
                0x00000724                usb_d_register_callback
 .text.usb_d_enable
                0x00000730        0xc hal/src/hal_usb_device.o
                0x00000730                usb_d_enable
 .text.usb_d_attach
                0x0000073c        0xc hal/src/hal_usb_device.o
                0x0000073c                usb_d_attach
 .text.usb_d_set_address
                0x00000748        0xc hal/src/hal_usb_device.o
                0x00000748                usb_d_set_address
 .text.usb_d_ep_init
                0x00000754       0x54 hal/src/hal_usb_device.o
                0x00000754                usb_d_ep_init
 .text.usb_d_ep0_init
                0x000007a8       0x14 hal/src/hal_usb_device.o
                0x000007a8                usb_d_ep0_init
 .text.usb_d_ep_deinit
                0x000007bc       0x2c hal/src/hal_usb_device.o
                0x000007bc                usb_d_ep_deinit
 .text.usb_d_ep_enable
                0x000007e8       0x4c hal/src/hal_usb_device.o
                0x000007e8                usb_d_ep_enable
 .text.usb_d_ep_transfer
                0x00000834      0x128 hal/src/hal_usb_device.o
                0x00000834                usb_d_ep_transfer
 .text.usb_d_ep_halt
                0x0000095c       0x68 hal/src/hal_usb_device.o
                0x0000095c                usb_d_ep_halt
 .text.usb_d_ep_register_callback
                0x000009c4       0x50 hal/src/hal_usb_device.o
                0x000009c4                usb_d_ep_register_callback
 .text.assert   0x00000a14        0x8 hal/utils/src/utils_assert.o
                0x00000a14                assert
 .text.is_list_element
                0x00000a1c       0x24 hal/utils/src/utils_list.o
                0x00000a1c                is_list_element
 .text.list_insert_at_end
                0x00000a40       0x40 hal/utils/src/utils_list.o
                0x00000a40                list_insert_at_end
 .text._sbrk    0x00000a80       0x24 hal/utils/src/utils_syscalls.o
                0x00000a80                _sbrk
 .text._get_cycles_for_ms
                0x00000aa4       0x1c hpl/core/hpl_core_m0plus_base.o
                0x00000aa4                _get_cycles_for_ms
 .text._delay_cycles
                0x00000ac0        0x6 hpl/core/hpl_core_m0plus_base.o
                0x00000ac0                _delay_cycles
 *fill*         0x00000ac6        0x2 
 .text._init_chip
                0x00000ac8       0x38 hpl/core/hpl_init.o
                0x00000ac8                _init_chip
 .text._gclk_init_generators_by_fref
                0x00000b00       0x40 hpl/gclk/hpl_gclk.o
                0x00000b00                _gclk_init_generators_by_fref
 .text._pm_init
                0x00000b40       0x20 hpl/pm/hpl_pm.o
                0x00000b40                _pm_init
 .text._sysctrl_init_sources
                0x00000b60       0x18 hpl/sysctrl/hpl_sysctrl.o
                0x00000b60                _sysctrl_init_sources
 .text._sysctrl_init_referenced_generators
                0x00000b78       0x8c hpl/sysctrl/hpl_sysctrl.o
                0x00000b78                _sysctrl_init_referenced_generators
 .text._dummy_func_no_return
                0x00000c04        0x4 hpl/usb/hpl_usb.o
 .text._usb_d_dev_handle_setup
                0x00000c08       0x8c hpl/usb/hpl_usb.o
 .text._usb_d_dev_handle_stall
                0x00000c94       0x30 hpl/usb/hpl_usb.o
 .text._usb_d_dev_trans_done
                0x00000cc4       0x28 hpl/usb/hpl_usb.o
 .text._usb_d_dev_trans_stop
                0x00000cec       0x6c hpl/usb/hpl_usb.o
 .text._usb_d_dev_handle_trfail
                0x00000d58      0x100 hpl/usb/hpl_usb.o
 .text._usb_d_dev_reset_epts
                0x00000e58       0x44 hpl/usb/hpl_usb.o
 .text._usb_d_dev_in_next
                0x00000e9c      0x1a8 hpl/usb/hpl_usb.o
 .text._usb_d_dev_out_next
                0x00001044      0x234 hpl/usb/hpl_usb.o
 .text._usb_d_dev_init
                0x00001278       0xdc hpl/usb/hpl_usb.o
                0x00001278                _usb_d_dev_init
 .text._usb_d_dev_enable
                0x00001354       0x50 hpl/usb/hpl_usb.o
                0x00001354                _usb_d_dev_enable
 .text._usb_d_dev_attach
                0x000013a4       0x10 hpl/usb/hpl_usb.o
                0x000013a4                _usb_d_dev_attach
 .text._usb_d_dev_set_address
                0x000013b4       0x10 hpl/usb/hpl_usb.o
                0x000013b4                _usb_d_dev_set_address
 .text._usb_d_dev_ep_init
                0x000013c4      0x12c hpl/usb/hpl_usb.o
                0x000013c4                _usb_d_dev_ep_init
 .text._usb_d_dev_ep_deinit
                0x000014f0       0xcc hpl/usb/hpl_usb.o
                0x000014f0                _usb_d_dev_ep_deinit
 .text._usb_d_dev_ep_enable
                0x000015bc      0x2dc hpl/usb/hpl_usb.o
                0x000015bc                _usb_d_dev_ep_enable
 .text._usb_d_dev_ep_stall
                0x00001898      0x164 hpl/usb/hpl_usb.o
                0x00001898                _usb_d_dev_ep_stall
 .text._usb_d_dev_ep_read_req
                0x000019fc       0x70 hpl/usb/hpl_usb.o
                0x000019fc                _usb_d_dev_ep_read_req
 .text._usb_d_dev_ep_trans
                0x00001a6c      0x214 hpl/usb/hpl_usb.o
                0x00001a6c                _usb_d_dev_ep_trans
 .text._usb_d_dev_register_callback
                0x00001c80       0x24 hpl/usb/hpl_usb.o
                0x00001c80                _usb_d_dev_register_callback
 .text._usb_d_dev_register_ep_callback
                0x00001ca4       0x30 hpl/usb/hpl_usb.o
                0x00001ca4                _usb_d_dev_register_ep_callback
 .text.USB_Handler
                0x00001cd4      0x23c hpl/usb/hpl_usb.o
                0x00001cd4                USB_Handler
 .text.main     0x00001f10      0x304 main.o
                0x00001f10                main
 .text.cdcdf_acm_req
                0x00002214      0x11c usb/class/cdc/device/cdcdf_acm.o
 .text.cdcdf_acm_ctrl
                0x00002330      0x17c usb/class/cdc/device/cdcdf_acm.o
 .text.cdcdf_acm_init
                0x000024ac       0x44 usb/class/cdc/device/cdcdf_acm.o
                0x000024ac                cdcdf_acm_init
 .text.cdcdf_acm_read
                0x000024f0       0x2c usb/class/cdc/device/cdcdf_acm.o
                0x000024f0                cdcdf_acm_read
 .text.cdcdf_acm_write
                0x0000251c       0x2c usb/class/cdc/device/cdcdf_acm.o
                0x0000251c                cdcdf_acm_write
 .text.cdcdf_acm_register_callback
                0x00002548       0x50 usb/class/cdc/device/cdcdf_acm.o
                0x00002548                cdcdf_acm_register_callback
 .text.usbdc_unconfig
                0x00002598       0x20 usb/device/usbdc.o
 .text.usbdc_change_notify
                0x000025b8       0x28 usb/device/usbdc.o
 .text.usbdc_request_handler
                0x000025e0       0x44 usb/device/usbdc.o
 .text.usbd_sof_cb
                0x00002624       0x20 usb/device/usbdc.o
 .text.usbdc_cb_ctl_done
                0x00002644       0x7c usb/device/usbdc.o
 .text.usbdc_reset
                0x000026c0       0x58 usb/device/usbdc.o
                0x000026c0                usbdc_reset
 .text.usbd_event_cb
                0x00002718       0x24 usb/device/usbdc.o
 .text.usbdc_xfer
                0x0000273c       0x1c usb/device/usbdc.o
                0x0000273c                usbdc_xfer
 .text.usbdc_cb_ctl_req
                0x00002758      0x440 usb/device/usbdc.o
 .text.usbdc_register_handler
                0x00002b98       0x38 usb/device/usbdc.o
                0x00002b98                usbdc_register_handler
 .text.usbdc_init
                0x00002bd0       0x60 usb/device/usbdc.o
                0x00002bd0                usbdc_init
 .text.usbdc_register_function
                0x00002c30       0x18 usb/device/usbdc.o
                0x00002c30                usbdc_register_function
 .text.usbdc_start
                0x00002c48       0x38 usb/device/usbdc.o
                0x00002c48                usbdc_start
 .text.usbdc_attach
                0x00002c80        0xc usb/device/usbdc.o
                0x00002c80                usbdc_attach
 .text.usbdc_get_ctrl_buffer
                0x00002c8c        0xc usb/device/usbdc.o
                0x00002c8c                usbdc_get_ctrl_buffer
 .text.usbdc_get_state
                0x00002c98       0x10 usb/device/usbdc.o
                0x00002c98                usbdc_get_state
 .text.usb_find_desc
                0x00002ca8       0x36 usb/usb_protocol.o
                0x00002ca8                usb_find_desc
 .text.usb_find_ep_desc
                0x00002cde       0x44 usb/usb_protocol.o
                0x00002cde                usb_find_ep_desc
 *fill*         0x00002d22        0x2 
 .text.usb_find_cfg_desc
                0x00002d24       0x68 usb/usb_protocol.o
                0x00002d24                usb_find_cfg_desc
 .text.usb_find_str_desc
                0x00002d8c       0x3c usb/usb_protocol.o
                0x00002d8c                usb_find_str_desc
 .text.cdc_write_finished
                0x00002dc8       0x10 usb_start.o
 .text.cdc_read_start
                0x00002dd8       0x20 usb_start.o
 .text.usb_device_state_changed_handler
                0x00002df8       0x48 usb_start.o
 .text.cdc_read_finished
                0x00002e40       0xc4 usb_start.o
 .text.cdc_device_acm_init
                0x00002f04       0x34 usb_start.o
                0x00002f04                cdc_device_acm_init
 .text.usb_serial_begin
                0x00002f38       0x1c usb_start.o
                0x00002f38                usb_serial_begin
 .text.usb_serial_read
                0x00002f54       0xac usb_start.o
                0x00002f54                usb_serial_read
 .text.usb_serial_write
                0x00003000       0x88 usb_start.o
                0x00003000                usb_serial_write
 .text.serial_boot_message
                0x00003088       0x84 usb_start.o
                0x00003088                serial_boot_message
 .text.handle_usb_command
                0x0000310c      0x204 usb_start.o
                0x0000310c                handle_usb_command
 .text          0x00003310      0x114 c:/program files (x86)/atmel/studio/7.0/toolchain/arm/arm-gnu-toolchain/bin/../lib/gcc/arm-none-eabi/6.3.1/thumb/v6-m\libgcc.a(_udivsi3.o)
                0x00003310                __aeabi_uidiv
                0x00003310                __udivsi3
                0x0000341c                __aeabi_uidivmod
 .text          0x00003424        0x4 c:/program files (x86)/atmel/studio/7.0/toolchain/arm/arm-gnu-toolchain/bin/../lib/gcc/arm-none-eabi/6.3.1/thumb/v6-m\libgcc.a(_dvmd_tls.o)
                0x00003424                __aeabi_idiv0
                0x00003424                __aeabi_ldiv0
 .text.__libc_init_array
                0x00003428       0x48 c:/program files (x86)/atmel/studio/7.0/toolchain/arm/arm-gnu-toolchain/bin/../lib/gcc/arm-none-eabi/6.3.1/../../../../arm-none-eabi/lib/thumb/v6-m\libc_nano.a(lib_a-init.o)
                0x00003428                __libc_init_array
 .text.memcpy   0x00003470       0x12 c:/program files (x86)/atmel/studio/7.0/toolchain/arm/arm-gnu-toolchain/bin/../lib/gcc/arm-none-eabi/6.3.1/../../../../arm-none-eabi/lib/thumb/v6-m\libc_nano.a(lib_a-memcpy-stub.o)
                0x00003470                memcpy
 .text.memset   0x00003482       0x10 c:/program files (x86)/atmel/studio/7.0/toolchain/arm/arm-gnu-toolchain/bin/../lib/gcc/arm-none-eabi/6.3.1/../../../../arm-none-eabi/lib/thumb/v6-m\libc_nano.a(lib_a-memset.o)
                0x00003482                memset
 *fill*         0x00003492        0x2 
 .text.sprintf  0x00003494       0x44 c:/program files (x86)/atmel/studio/7.0/toolchain/arm/arm-gnu-toolchain/bin/../lib/gcc/arm-none-eabi/6.3.1/../../../../arm-none-eabi/lib/thumb/v6-m\libc_nano.a(lib_a-sprintf.o)
                0x00003494                siprintf
                0x00003494                sprintf
 .text          0x000034d8       0x14 c:/program files (x86)/atmel/studio/7.0/toolchain/arm/arm-gnu-toolchain/bin/../lib/gcc/arm-none-eabi/6.3.1/../../../../arm-none-eabi/lib/thumb/v6-m\libc_nano.a(lib_a-strcmp.o)
                0x000034d8                strcmp
 .text          0x000034ec        0xe c:/program files (x86)/atmel/studio/7.0/toolchain/arm/arm-gnu-toolchain/bin/../lib/gcc/arm-none-eabi/6.3.1/../../../../arm-none-eabi/lib/thumb/v6-m\libc_nano.a(lib_a-strlen.o)
                0x000034ec                strlen
 .text.strncmp  0x000034fa       0x22 c:/program files (x86)/atmel/studio/7.0/toolchain/arm/arm-gnu-toolchain/bin/../lib/gcc/arm-none-eabi/6.3.1/../../../../arm-none-eabi/lib/thumb/v6-m\libc_nano.a(lib_a-strncmp.o)
                0x000034fa                strncmp
 .text._strtoul_l.isra.0
                0x0000351c      0x10e c:/program files (x86)/atmel/studio/7.0/toolchain/arm/arm-gnu-toolchain/bin/../lib/gcc/arm-none-eabi/6.3.1/../../../../arm-none-eabi/lib/thumb/v6-m\libc_nano.a(lib_a-strtoul.o)
 *fill*         0x0000362a        0x2 
 .text.strtoul  0x0000362c       0x28 c:/program files (x86)/atmel/studio/7.0/toolchain/arm/arm-gnu-toolchain/bin/../lib/gcc/arm-none-eabi/6.3.1/../../../../arm-none-eabi/lib/thumb/v6-m\libc_nano.a(lib_a-strtoul.o)
                0x0000362c                strtoul
 .text.toupper  0x00003654       0x1a c:/program files (x86)/atmel/studio/7.0/toolchain/arm/arm-gnu-toolchain/bin/../lib/gcc/arm-none-eabi/6.3.1/../../../../arm-none-eabi/lib/thumb/v6-m\libc_nano.a(lib_a-toupper.o)
                0x00003654                toupper
 .text.__locale_ctype_ptr_l
                0x0000366e        0x6 c:/program files (x86)/atmel/studio/7.0/toolchain/arm/arm-gnu-toolchain/bin/../lib/gcc/arm-none-eabi/6.3.1/../../../../arm-none-eabi/lib/thumb/v6-m\libc_nano.a(lib_a-locale.o)
                0x0000366e                __locale_ctype_ptr_l
 .text.__locale_ctype_ptr
                0x00003674       0x1c c:/program files (x86)/atmel/studio/7.0/toolchain/arm/arm-gnu-toolchain/bin/../lib/gcc/arm-none-eabi/6.3.1/../../../../arm-none-eabi/lib/thumb/v6-m\libc_nano.a(lib_a-locale.o)
                0x00003674                __locale_ctype_ptr
 .text.__ascii_mbtowc
                0x00003690       0x24 c:/program files (x86)/atmel/studio/7.0/toolchain/arm/arm-gnu-toolchain/bin/../lib/gcc/arm-none-eabi/6.3.1/../../../../arm-none-eabi/lib/thumb/v6-m\libc_nano.a(lib_a-mbtowc_r.o)
                0x00003690                __ascii_mbtowc
 .text._malloc_r
                0x000036b4       0xbc c:/program files (x86)/atmel/studio/7.0/toolchain/arm/arm-gnu-toolchain/bin/../lib/gcc/arm-none-eabi/6.3.1/../../../../arm-none-eabi/lib/thumb/v6-m\libc_nano.a(lib_a-nano-mallocr.o)
                0x000036b4                _malloc_r
 .text.__ssputs_r
                0x00003770       0xc4 c:/program files (x86)/atmel/studio/7.0/toolchain/arm/arm-gnu-toolchain/bin/../lib/gcc/arm-none-eabi/6.3.1/../../../../arm-none-eabi/lib/thumb/v6-m\libc_nano.a(lib_a-nano-svfprintf.o)
                0x00003770                __ssputs_r
 .text._svfprintf_r
                0x00003834      0x208 c:/program files (x86)/atmel/studio/7.0/toolchain/arm/arm-gnu-toolchain/bin/../lib/gcc/arm-none-eabi/6.3.1/../../../../arm-none-eabi/lib/thumb/v6-m\libc_nano.a(lib_a-nano-svfprintf.o)
                0x00003834                _svfiprintf_r
                0x00003834                _svfprintf_r
 .text._printf_common
                0x00003a3c       0xda c:/program files (x86)/atmel/studio/7.0/toolchain/arm/arm-gnu-toolchain/bin/../lib/gcc/arm-none-eabi/6.3.1/../../../../arm-none-eabi/lib/thumb/v6-m\libc_nano.a(lib_a-nano-vfprintf_i.o)
                0x00003a3c                _printf_common
 *fill*         0x00003b16        0x2 
 .text._printf_i
                0x00003b18      0x234 c:/program files (x86)/atmel/studio/7.0/toolchain/arm/arm-gnu-toolchain/bin/../lib/gcc/arm-none-eabi/6.3.1/../../../../arm-none-eabi/lib/thumb/v6-m\libc_nano.a(lib_a-nano-vfprintf_i.o)
                0x00003b18                _printf_i
 .text._sbrk_r  0x00003d4c       0x24 c:/program files (x86)/atmel/studio/7.0/toolchain/arm/arm-gnu-toolchain/bin/../lib/gcc/arm-none-eabi/6.3.1/../../../../arm-none-eabi/lib/thumb/v6-m\libc_nano.a(lib_a-sbrkr.o)
                0x00003d4c                _sbrk_r
 .text.__ascii_wctomb
                0x00003d70       0x18 c:/program files (x86)/atmel/studio/7.0/toolchain/arm/arm-gnu-toolchain/bin/../lib/gcc/arm-none-eabi/6.3.1/../../../../arm-none-eabi/lib/thumb/v6-m\libc_nano.a(lib_a-wctomb_r.o)
                0x00003d70                __ascii_wctomb
 .text.memchr   0x00003d88       0x16 c:/program files (x86)/atmel/studio/7.0/toolchain/arm/arm-gnu-toolchain/bin/../lib/gcc/arm-none-eabi/6.3.1/../../../../arm-none-eabi/lib/thumb/v6-m\libc_nano.a(lib_a-memchr-stub.o)
                0x00003d88                memchr
 .text.memmove  0x00003d9e       0x24 c:/program files (x86)/atmel/studio/7.0/toolchain/arm/arm-gnu-toolchain/bin/../lib/gcc/arm-none-eabi/6.3.1/../../../../arm-none-eabi/lib/thumb/v6-m\libc_nano.a(lib_a-memmove.o)
                0x00003d9e                memmove
 .text.__malloc_lock
                0x00003dc2        0x2 c:/program files (x86)/atmel/studio/7.0/toolchain/arm/arm-gnu-toolchain/bin/../lib/gcc/arm-none-eabi/6.3.1/../../../../arm-none-eabi/lib/thumb/v6-m\libc_nano.a(lib_a-mlock.o)
                0x00003dc2                __malloc_lock
 .text.__malloc_unlock
                0x00003dc4        0x2 c:/program files (x86)/atmel/studio/7.0/toolchain/arm/arm-gnu-toolchain/bin/../lib/gcc/arm-none-eabi/6.3.1/../../../../arm-none-eabi/lib/thumb/v6-m\libc_nano.a(lib_a-mlock.o)
                0x00003dc4                __malloc_unlock
 *fill*         0x00003dc6        0x2 
 .text._free_r  0x00003dc8       0x94 c:/program files (x86)/atmel/studio/7.0/toolchain/arm/arm-gnu-toolchain/bin/../lib/gcc/arm-none-eabi/6.3.1/../../../../arm-none-eabi/lib/thumb/v6-m\libc_nano.a(lib_a-nano-freer.o)
                0x00003dc8                _free_r
 .text._realloc_r
                0x00003e5c       0x4c c:/program files (x86)/atmel/studio/7.0/toolchain/arm/arm-gnu-toolchain/bin/../lib/gcc/arm-none-eabi/6.3.1/../../../../arm-none-eabi/lib/thumb/v6-m\libc_nano.a(lib_a-nano-reallocr.o)
                0x00003e5c                _realloc_r
 .text._malloc_usable_size_r
                0x00003ea8       0x10 c:/program files (x86)/atmel/studio/7.0/toolchain/arm/arm-gnu-toolchain/bin/../lib/gcc/arm-none-eabi/6.3.1/../../../../arm-none-eabi/lib/thumb/v6-m\libc_nano.a(lib_a-nano-msizer.o)
                0x00003ea8                _malloc_usable_size_r
 *(.glue_7t)
 .glue_7t       0x00003eb8        0x0 linker stubs
 *(.glue_7)
 .glue_7        0x00003eb8        0x0 linker stubs
 *(.rodata .rodata* .gnu.linkonce.r.*)
 .rodata.str1.4
                0x00003eb8       0x1e hal/utils/src/utils_list.o
 .rodata.cst2   0x00003ed6        0x2 hpl/usb/hpl_usb.o
 .rodata        0x00003ed8       0x24 hpl/usb/hpl_usb.o
 .rodata.str1.4
                0x00003efc       0x11 main.o
                                 0x15 (size before relaxing)
 *fill*         0x00003f0d        0x3 
 .rodata        0x00003f10       0x30 usb/device/usbdc.o
 .rodata.str1.4
                0x00003f40       0x16 usb/device/usbdc.o
 *fill*         0x00003f56        0x2 
 .rodata.str1.4
                0x00003f58      0x418 usb_start.o
                                0x424 (size before relaxing)
 .rodata.__sf_fake_stderr
                0x00004370       0x20 c:/program files (x86)/atmel/studio/7.0/toolchain/arm/arm-gnu-toolchain/bin/../lib/gcc/arm-none-eabi/6.3.1/../../../../arm-none-eabi/lib/thumb/v6-m\libc_nano.a(lib_a-findfp.o)
                0x00004370                __sf_fake_stderr
 .rodata.__sf_fake_stdin
                0x00004390       0x20 c:/program files (x86)/atmel/studio/7.0/toolchain/arm/arm-gnu-toolchain/bin/../lib/gcc/arm-none-eabi/6.3.1/../../../../arm-none-eabi/lib/thumb/v6-m\libc_nano.a(lib_a-findfp.o)
                0x00004390                __sf_fake_stdin
 .rodata.__sf_fake_stdout
                0x000043b0       0x20 c:/program files (x86)/atmel/studio/7.0/toolchain/arm/arm-gnu-toolchain/bin/../lib/gcc/arm-none-eabi/6.3.1/../../../../arm-none-eabi/lib/thumb/v6-m\libc_nano.a(lib_a-findfp.o)
                0x000043b0                __sf_fake_stdout
 .rodata._setlocale_r.str1.1
                0x000043d0        0x8 c:/program files (x86)/atmel/studio/7.0/toolchain/arm/arm-gnu-toolchain/bin/../lib/gcc/arm-none-eabi/6.3.1/../../../../arm-none-eabi/lib/thumb/v6-m\libc_nano.a(lib_a-locale.o)
                                  0x9 (size before relaxing)
 .rodata.str1.1
                0x000043d8        0x2 c:/program files (x86)/atmel/studio/7.0/toolchain/arm/arm-gnu-toolchain/bin/../lib/gcc/arm-none-eabi/6.3.1/../../../../arm-none-eabi/lib/thumb/v6-m\libc_nano.a(lib_a-locale.o)
 .rodata._svfprintf_r.str1.1
                0x000043da       0x11 c:/program files (x86)/atmel/studio/7.0/toolchain/arm/arm-gnu-toolchain/bin/../lib/gcc/arm-none-eabi/6.3.1/../../../../arm-none-eabi/lib/thumb/v6-m\libc_nano.a(lib_a-nano-svfprintf.o)
 .rodata._printf_i.str1.1
                0x000043eb       0x22 c:/program files (x86)/atmel/studio/7.0/toolchain/arm/arm-gnu-toolchain/bin/../lib/gcc/arm-none-eabi/6.3.1/../../../../arm-none-eabi/lib/thumb/v6-m\libc_nano.a(lib_a-nano-vfprintf_i.o)
 .rodata._ctype_
                0x0000440d      0x101 c:/program files (x86)/atmel/studio/7.0/toolchain/arm/arm-gnu-toolchain/bin/../lib/gcc/arm-none-eabi/6.3.1/../../../../arm-none-eabi/lib/thumb/v6-m\libc_nano.a(lib_a-ctype_.o)
                0x0000440d                _ctype_
 *(.ARM.extab* .gnu.linkonce.armextab.*)
                0x00004510                . = ALIGN (0x4)
 *fill*         0x0000450e        0x2 
 *(.init)
 .init          0x00004510        0x4 c:/program files (x86)/atmel/studio/7.0/toolchain/arm/arm-gnu-toolchain/bin/../lib/gcc/arm-none-eabi/6.3.1/thumb/v6-m/crti.o
                0x00004510                _init
 .init          0x00004514        0x8 c:/program files (x86)/atmel/studio/7.0/toolchain/arm/arm-gnu-toolchain/bin/../lib/gcc/arm-none-eabi/6.3.1/thumb/v6-m/crtn.o
                0x0000451c                . = ALIGN (0x4)
                0x0000451c                __preinit_array_start = .
 *(.preinit_array)
                0x0000451c                __preinit_array_end = .
                0x0000451c                . = ALIGN (0x4)
                0x0000451c                __init_array_start = .
 *(SORT(.init_array.*))
 *(.init_array)
 .init_array    0x0000451c        0x4 c:/program files (x86)/atmel/studio/7.0/toolchain/arm/arm-gnu-toolchain/bin/../lib/gcc/arm-none-eabi/6.3.1/thumb/v6-m/crtbegin.o
                0x00004520                __init_array_end = .
                0x00004520                . = ALIGN (0x4)
 *crtbegin.o(.ctors)
 *(EXCLUDE_FILE(*crtend.o) .ctors)
 *(SORT(.ctors.*))
 *crtend.o(.ctors)
                0x00004520                . = ALIGN (0x4)
 *(.fini)
 .fini          0x00004520        0x4 c:/program files (x86)/atmel/studio/7.0/toolchain/arm/arm-gnu-toolchain/bin/../lib/gcc/arm-none-eabi/6.3.1/thumb/v6-m/crti.o
                0x00004520                _fini
 .fini          0x00004524        0x8 c:/program files (x86)/atmel/studio/7.0/toolchain/arm/arm-gnu-toolchain/bin/../lib/gcc/arm-none-eabi/6.3.1/thumb/v6-m/crtn.o
                0x0000452c                . = ALIGN (0x4)
                0x0000452c                __fini_array_start = .
 *(.fini_array)
 .fini_array    0x0000452c        0x4 c:/program files (x86)/atmel/studio/7.0/toolchain/arm/arm-gnu-toolchain/bin/../lib/gcc/arm-none-eabi/6.3.1/thumb/v6-m/crtbegin.o
 *(SORT(.fini_array.*))
                0x00004530                __fini_array_end = .
 *crtbegin.o(.dtors)
 *(EXCLUDE_FILE(*crtend.o) .dtors)
 *(SORT(.dtors.*))
 *crtend.o(.dtors)
                0x00004530                . = ALIGN (0x4)
                0x00004530                _efixed = .
                [!provide]                PROVIDE (__exidx_start, .)

.vfp11_veneer   0x00004530        0x0
 .vfp11_veneer  0x00004530        0x0 linker stubs

.v4_bx          0x00004530        0x0
 .v4_bx         0x00004530        0x0 linker stubs

.iplt           0x00004530        0x0
 .iplt          0x00004530        0x0 c:/program files (x86)/atmel/studio/7.0/toolchain/arm/arm-gnu-toolchain/bin/../lib/gcc/arm-none-eabi/6.3.1/thumb/v6-m/crtbegin.o

.eh_frame       0x00004530        0x0
 .eh_frame      0x00004530        0x0 c:/program files (x86)/atmel/studio/7.0/toolchain/arm/arm-gnu-toolchain/bin/../lib/gcc/arm-none-eabi/6.3.1/thumb/v6-m/crtbegin.o

.rel.dyn        0x00004530        0x0
 .rel.iplt      0x00004530        0x0 c:/program files (x86)/atmel/studio/7.0/toolchain/arm/arm-gnu-toolchain/bin/../lib/gcc/arm-none-eabi/6.3.1/thumb/v6-m/crtbegin.o

.jcr            0x00004530        0x0
 .jcr           0x00004530        0x0 c:/program files (x86)/atmel/studio/7.0/toolchain/arm/arm-gnu-toolchain/bin/../lib/gcc/arm-none-eabi/6.3.1/thumb/v6-m/crtbegin.o

.igot.plt       0x00004530        0x0
 .igot.plt      0x00004530        0x0 c:/program files (x86)/atmel/studio/7.0/toolchain/arm/arm-gnu-toolchain/bin/../lib/gcc/arm-none-eabi/6.3.1/thumb/v6-m/crtbegin.o

.ARM.exidx
 *(.ARM.exidx* .gnu.linkonce.armexidx.*)
                [!provide]                PROVIDE (__exidx_end, .)
                0x00004530                . = ALIGN (0x4)
                0x00004530                _etext = .

.relocate       0x20000000      0x248 load address 0x00004530
                0x20000000                . = ALIGN (0x4)
                0x20000000                _srelocate = .
 *(.ramfunc .ramfunc.*)
 *(.data .data.*)
 .data          0x20000000       0x10 main.o
                0x20000000                count
                0x20000004                counting
                0x20000005                countUp
                0x20000008                last_sent_count
                0x2000000c                speed
 .data          0x20000010        0x8 usb/class/cdc/device/cdcdf_acm.o
 .data          0x20000018       0x5d usb_start.o
 *fill*         0x20000075        0x3 
 .data._impure_ptr
                0x20000078        0x4 c:/program files (x86)/atmel/studio/7.0/toolchain/arm/arm-gnu-toolchain/bin/../lib/gcc/arm-none-eabi/6.3.1/../../../../arm-none-eabi/lib/thumb/v6-m\libc_nano.a(lib_a-impure.o)
                0x20000078                _impure_ptr
 .data.impure_data
                0x2000007c       0x60 c:/program files (x86)/atmel/studio/7.0/toolchain/arm/arm-gnu-toolchain/bin/../lib/gcc/arm-none-eabi/6.3.1/../../../../arm-none-eabi/lib/thumb/v6-m\libc_nano.a(lib_a-impure.o)
 .data.__global_locale
                0x200000dc      0x16c c:/program files (x86)/atmel/studio/7.0/toolchain/arm/arm-gnu-toolchain/bin/../lib/gcc/arm-none-eabi/6.3.1/../../../../arm-none-eabi/lib/thumb/v6-m\libc_nano.a(lib_a-locale.o)
                0x200000dc                __global_locale
                0x20000248                . = ALIGN (0x4)
                0x20000248                _erelocate = .

.bss            0x20000248      0x430 load address 0x00004778
                0x20000248                . = ALIGN (0x4)
                0x20000248                _sbss = .
                0x20000248                _szero = .
 *(.bss .bss.*)
 .bss           0x20000248       0x1c c:/program files (x86)/atmel/studio/7.0/toolchain/arm/arm-gnu-toolchain/bin/../lib/gcc/arm-none-eabi/6.3.1/thumb/v6-m/crtbegin.o
 .bss           0x20000264        0x4 hal/src/hal_delay.o
 .bss           0x20000268       0x80 hal/src/hal_usb_device.o
 .bss           0x200002e8        0x4 hal/utils/src/utils_syscalls.o
 .bss           0x200002ec      0x1e8 hpl/usb/hpl_usb.o
 .bss           0x200004d4        0x4 main.o
                0x200004d4                usb_cmd_index
                0x200004d5                buttonHold
                0x200004d6                clicked
                0x200004d7                clickTime
 .bss           0x200004d8       0x24 usb/class/cdc/device/cdcdf_acm.o
 .bss           0x200004fc       0x20 usb/device/usbdc.o
 .bss           0x2000051c       0xd0 usb_start.o
                0x2000051c                pending_write
                0x2000051d                pending_read
                0x2000051e                cdc_connected
                0x2000051f                user_typing
                0x20000520                typing_timeout
 .bss.__malloc_free_list
                0x200005ec        0x4 c:/program files (x86)/atmel/studio/7.0/toolchain/arm/arm-gnu-toolchain/bin/../lib/gcc/arm-none-eabi/6.3.1/../../../../arm-none-eabi/lib/thumb/v6-m\libc_nano.a(lib_a-nano-mallocr.o)
                0x200005ec                __malloc_free_list
 .bss.__malloc_sbrk_start
                0x200005f0        0x4 c:/program files (x86)/atmel/studio/7.0/toolchain/arm/arm-gnu-toolchain/bin/../lib/gcc/arm-none-eabi/6.3.1/../../../../arm-none-eabi/lib/thumb/v6-m\libc_nano.a(lib_a-nano-mallocr.o)
                0x200005f0                __malloc_sbrk_start
 *(COMMON)
 COMMON         0x200005f4       0x40 main.o
                0x200005f4                usb_cmd_buffer
 COMMON         0x20000634       0x40 usb_start.o
                0x20000634                usbd_cdc_buffer
 COMMON         0x20000674        0x4 c:/program files (x86)/atmel/studio/7.0/toolchain/arm/arm-gnu-toolchain/bin/../lib/gcc/arm-none-eabi/6.3.1/../../../../arm-none-eabi/lib/thumb/v6-m\libc_nano.a(lib_a-reent.o)
                0x20000674                errno
                0x20000678                . = ALIGN (0x4)
                0x20000678                _ebss = .
                0x20000678                _ezero = .

.stack          0x20000678      0x400 load address 0x00004ba8
                0x20000678                . = ALIGN (0x8)
                0x20000678                _sstack = .
                0x20000a78                . = (. + STACK_SIZE)
 *fill*         0x20000678      0x400 
                0x20000a78                . = ALIGN (0x8)
                0x20000a78                _estack = .
                0x20000a78                . = ALIGN (0x4)
                0x20000a78                _end = .
OUTPUT(SAMD Binary Counter.elf elf32-littlearm)

.ARM.attributes
                0x00000000       0x28
 .ARM.attributes
                0x00000000       0x1e c:/program files (x86)/atmel/studio/7.0/toolchain/arm/arm-gnu-toolchain/bin/../lib/gcc/arm-none-eabi/6.3.1/thumb/v6-m/crti.o
 .ARM.attributes
                0x0000001e       0x2c c:/program files (x86)/atmel/studio/7.0/toolchain/arm/arm-gnu-toolchain/bin/../lib/gcc/arm-none-eabi/6.3.1/thumb/v6-m/crtbegin.o
 .ARM.attributes
                0x0000004a       0x32 atmel_start.o
 .ARM.attributes
                0x0000007c       0x32 Device_Startup/startup_samd21.o
 .ARM.attributes
                0x000000ae       0x32 driver_init.o
 .ARM.attributes
                0x000000e0       0x32 hal/src/hal_atomic.o
 .ARM.attributes
                0x00000112       0x32 hal/src/hal_delay.o
 .ARM.attributes
                0x00000144       0x32 hal/src/hal_usb_device.o
 .ARM.attributes
                0x00000176       0x32 hal/utils/src/utils_assert.o
 .ARM.attributes
                0x000001a8       0x32 hal/utils/src/utils_list.o
 .ARM.attributes
                0x000001da       0x32 hal/utils/src/utils_syscalls.o
 .ARM.attributes
                0x0000020c       0x32 hpl/core/hpl_core_m0plus_base.o
 .ARM.attributes
                0x0000023e       0x32 hpl/core/hpl_init.o
 .ARM.attributes
                0x00000270       0x32 hpl/gclk/hpl_gclk.o
 .ARM.attributes
                0x000002a2       0x32 hpl/pm/hpl_pm.o
 .ARM.attributes
                0x000002d4       0x32 hpl/sysctrl/hpl_sysctrl.o
 .ARM.attributes
                0x00000306       0x32 hpl/usb/hpl_usb.o
 .ARM.attributes
                0x00000338       0x32 main.o
 .ARM.attributes
                0x0000036a       0x32 usb/class/cdc/device/cdcdf_acm.o
 .ARM.attributes
                0x0000039c       0x32 usb/device/usbdc.o
 .ARM.attributes
                0x000003ce       0x32 usb/usb_protocol.o
 .ARM.attributes
                0x00000400       0x32 usb_start.o
 .ARM.attributes
                0x00000432       0x1e c:/program files (x86)/atmel/studio/7.0/toolchain/arm/arm-gnu-toolchain/bin/../lib/gcc/arm-none-eabi/6.3.1/thumb/v6-m\libgcc.a(_udivsi3.o)
 .ARM.attributes
                0x00000450       0x1e c:/program files (x86)/atmel/studio/7.0/toolchain/arm/arm-gnu-toolchain/bin/../lib/gcc/arm-none-eabi/6.3.1/thumb/v6-m\libgcc.a(_dvmd_tls.o)
 .ARM.attributes
                0x0000046e       0x2c c:/program files (x86)/atmel/studio/7.0/toolchain/arm/arm-gnu-toolchain/bin/../lib/gcc/arm-none-eabi/6.3.1/../../../../arm-none-eabi/lib/thumb/v6-m\libc_nano.a(lib_a-impure.o)
 .ARM.attributes
                0x0000049a       0x2c c:/program files (x86)/atmel/studio/7.0/toolchain/arm/arm-gnu-toolchain/bin/../lib/gcc/arm-none-eabi/6.3.1/../../../../arm-none-eabi/lib/thumb/v6-m\libc_nano.a(lib_a-init.o)
 .ARM.attributes
                0x000004c6       0x2c c:/program files (x86)/atmel/studio/7.0/toolchain/arm/arm-gnu-toolchain/bin/../lib/gcc/arm-none-eabi/6.3.1/../../../../arm-none-eabi/lib/thumb/v6-m\libc_nano.a(lib_a-memcpy-stub.o)
 .ARM.attributes
                0x000004f2       0x2c c:/program files (x86)/atmel/studio/7.0/toolchain/arm/arm-gnu-toolchain/bin/../lib/gcc/arm-none-eabi/6.3.1/../../../../arm-none-eabi/lib/thumb/v6-m\libc_nano.a(lib_a-memset.o)
 .ARM.attributes
                0x0000051e       0x2c c:/program files (x86)/atmel/studio/7.0/toolchain/arm/arm-gnu-toolchain/bin/../lib/gcc/arm-none-eabi/6.3.1/../../../../arm-none-eabi/lib/thumb/v6-m\libc_nano.a(lib_a-sprintf.o)
 .ARM.attributes
                0x0000054a       0x1c c:/program files (x86)/atmel/studio/7.0/toolchain/arm/arm-gnu-toolchain/bin/../lib/gcc/arm-none-eabi/6.3.1/../../../../arm-none-eabi/lib/thumb/v6-m\libc_nano.a(lib_a-strcmp.o)
 .ARM.attributes
                0x00000566       0x1c c:/program files (x86)/atmel/studio/7.0/toolchain/arm/arm-gnu-toolchain/bin/../lib/gcc/arm-none-eabi/6.3.1/../../../../arm-none-eabi/lib/thumb/v6-m\libc_nano.a(lib_a-strlen.o)
 .ARM.attributes
                0x00000582       0x2c c:/program files (x86)/atmel/studio/7.0/toolchain/arm/arm-gnu-toolchain/bin/../lib/gcc/arm-none-eabi/6.3.1/../../../../arm-none-eabi/lib/thumb/v6-m\libc_nano.a(lib_a-strncmp.o)
 .ARM.attributes
                0x000005ae       0x2c c:/program files (x86)/atmel/studio/7.0/toolchain/arm/arm-gnu-toolchain/bin/../lib/gcc/arm-none-eabi/6.3.1/../../../../arm-none-eabi/lib/thumb/v6-m\libc_nano.a(lib_a-strtoul.o)
 .ARM.attributes
                0x000005da       0x2c c:/program files (x86)/atmel/studio/7.0/toolchain/arm/arm-gnu-toolchain/bin/../lib/gcc/arm-none-eabi/6.3.1/../../../../arm-none-eabi/lib/thumb/v6-m\libc_nano.a(lib_a-toupper.o)
 .ARM.attributes
                0x00000606       0x2c c:/program files (x86)/atmel/studio/7.0/toolchain/arm/arm-gnu-toolchain/bin/../lib/gcc/arm-none-eabi/6.3.1/../../../../arm-none-eabi/lib/thumb/v6-m\libc_nano.a(lib_a-findfp.o)
 .ARM.attributes
                0x00000632       0x2c c:/program files (x86)/atmel/studio/7.0/toolchain/arm/arm-gnu-toolchain/bin/../lib/gcc/arm-none-eabi/6.3.1/../../../../arm-none-eabi/lib/thumb/v6-m\libc_nano.a(lib_a-locale.o)
 .ARM.attributes
                0x0000065e       0x2c c:/program files (x86)/atmel/studio/7.0/toolchain/arm/arm-gnu-toolchain/bin/../lib/gcc/arm-none-eabi/6.3.1/../../../../arm-none-eabi/lib/thumb/v6-m\libc_nano.a(lib_a-mbtowc_r.o)
 .ARM.attributes
                0x0000068a       0x2c c:/program files (x86)/atmel/studio/7.0/toolchain/arm/arm-gnu-toolchain/bin/../lib/gcc/arm-none-eabi/6.3.1/../../../../arm-none-eabi/lib/thumb/v6-m\libc_nano.a(lib_a-nano-mallocr.o)
 .ARM.attributes
                0x000006b6       0x2c c:/program files (x86)/atmel/studio/7.0/toolchain/arm/arm-gnu-toolchain/bin/../lib/gcc/arm-none-eabi/6.3.1/../../../../arm-none-eabi/lib/thumb/v6-m\libc_nano.a(lib_a-nano-svfprintf.o)
 .ARM.attributes
                0x000006e2       0x2c c:/program files (x86)/atmel/studio/7.0/toolchain/arm/arm-gnu-toolchain/bin/../lib/gcc/arm-none-eabi/6.3.1/../../../../arm-none-eabi/lib/thumb/v6-m\libc_nano.a(lib_a-nano-vfprintf_i.o)
 .ARM.attributes
                0x0000070e       0x2c c:/program files (x86)/atmel/studio/7.0/toolchain/arm/arm-gnu-toolchain/bin/../lib/gcc/arm-none-eabi/6.3.1/../../../../arm-none-eabi/lib/thumb/v6-m\libc_nano.a(lib_a-sbrkr.o)
 .ARM.attributes
                0x0000073a       0x2c c:/program files (x86)/atmel/studio/7.0/toolchain/arm/arm-gnu-toolchain/bin/../lib/gcc/arm-none-eabi/6.3.1/../../../../arm-none-eabi/lib/thumb/v6-m\libc_nano.a(lib_a-wctomb_r.o)
 .ARM.attributes
                0x00000766       0x2c c:/program files (x86)/atmel/studio/7.0/toolchain/arm/arm-gnu-toolchain/bin/../lib/gcc/arm-none-eabi/6.3.1/../../../../arm-none-eabi/lib/thumb/v6-m\libc_nano.a(lib_a-ctype_.o)
 .ARM.attributes
                0x00000792       0x2c c:/program files (x86)/atmel/studio/7.0/toolchain/arm/arm-gnu-toolchain/bin/../lib/gcc/arm-none-eabi/6.3.1/../../../../arm-none-eabi/lib/thumb/v6-m\libc_nano.a(lib_a-memchr-stub.o)
 .ARM.attributes
                0x000007be       0x2c c:/program files (x86)/atmel/studio/7.0/toolchain/arm/arm-gnu-toolchain/bin/../lib/gcc/arm-none-eabi/6.3.1/../../../../arm-none-eabi/lib/thumb/v6-m\libc_nano.a(lib_a-memmove.o)
 .ARM.attributes
                0x000007ea       0x2c c:/program files (x86)/atmel/studio/7.0/toolchain/arm/arm-gnu-toolchain/bin/../lib/gcc/arm-none-eabi/6.3.1/../../../../arm-none-eabi/lib/thumb/v6-m\libc_nano.a(lib_a-mlock.o)
 .ARM.attributes
                0x00000816       0x2c c:/program files (x86)/atmel/studio/7.0/toolchain/arm/arm-gnu-toolchain/bin/../lib/gcc/arm-none-eabi/6.3.1/../../../../arm-none-eabi/lib/thumb/v6-m\libc_nano.a(lib_a-nano-freer.o)
 .ARM.attributes
                0x00000842       0x2c c:/program files (x86)/atmel/studio/7.0/toolchain/arm/arm-gnu-toolchain/bin/../lib/gcc/arm-none-eabi/6.3.1/../../../../arm-none-eabi/lib/thumb/v6-m\libc_nano.a(lib_a-nano-reallocr.o)
 .ARM.attributes
                0x0000086e       0x2c c:/program files (x86)/atmel/studio/7.0/toolchain/arm/arm-gnu-toolchain/bin/../lib/gcc/arm-none-eabi/6.3.1/../../../../arm-none-eabi/lib/thumb/v6-m\libc_nano.a(lib_a-reent.o)
 .ARM.attributes
                0x0000089a       0x2c c:/program files (x86)/atmel/studio/7.0/toolchain/arm/arm-gnu-toolchain/bin/../lib/gcc/arm-none-eabi/6.3.1/../../../../arm-none-eabi/lib/thumb/v6-m\libc_nano.a(lib_a-nano-msizer.o)
 .ARM.attributes
                0x000008c6       0x1e c:/program files (x86)/atmel/studio/7.0/toolchain/arm/arm-gnu-toolchain/bin/../lib/gcc/arm-none-eabi/6.3.1/thumb/v6-m/crtn.o

.comment        0x00000000       0x59
 .comment       0x00000000       0x59 atmel_start.o
                                 0x5a (size before relaxing)
 .comment       0x00000059       0x5a Device_Startup/startup_samd21.o
 .comment       0x00000059       0x5a driver_init.o
 .comment       0x00000059       0x5a hal/src/hal_atomic.o
 .comment       0x00000059       0x5a hal/src/hal_delay.o
 .comment       0x00000059       0x5a hal/src/hal_usb_device.o
 .comment       0x00000059       0x5a hal/utils/src/utils_assert.o
 .comment       0x00000059       0x5a hal/utils/src/utils_list.o
 .comment       0x00000059       0x5a hal/utils/src/utils_syscalls.o
 .comment       0x00000059       0x5a hpl/core/hpl_core_m0plus_base.o
 .comment       0x00000059       0x5a hpl/core/hpl_init.o
 .comment       0x00000059       0x5a hpl/gclk/hpl_gclk.o
 .comment       0x00000059       0x5a hpl/pm/hpl_pm.o
 .comment       0x00000059       0x5a hpl/sysctrl/hpl_sysctrl.o
 .comment       0x00000059       0x5a hpl/usb/hpl_usb.o
 .comment       0x00000059       0x5a main.o
 .comment       0x00000059       0x5a usb/class/cdc/device/cdcdf_acm.o
 .comment       0x00000059       0x5a usb/device/usbdc.o
 .comment       0x00000059       0x5a usb/usb_protocol.o
 .comment       0x00000059       0x5a usb_start.o

.debug_info     0x00000000    0x220b8
 .debug_info    0x00000000       0xd6 atmel_start.o
 .debug_info    0x000000d6     0x3a3f Device_Startup/startup_samd21.o
 .debug_info    0x00003b15     0x72ad driver_init.o
 .debug_info    0x0000adc2      0x1d1 hal/src/hal_atomic.o
 .debug_info    0x0000af93      0x1dc hal/src/hal_delay.o
 .debug_info    0x0000b16f     0x1e06 hal/src/hal_usb_device.o
 .debug_info    0x0000cf75      0x107 hal/utils/src/utils_assert.o
 .debug_info    0x0000d07c      0x310 hal/utils/src/utils_list.o
 .debug_info    0x0000d38c      0xdca hal/utils/src/utils_syscalls.o
 .debug_info    0x0000e156      0x841 hpl/core/hpl_core_m0plus_base.o
 .debug_info    0x0000e997      0x6a0 hpl/core/hpl_init.o
 .debug_info    0x0000f037      0x5ad hpl/gclk/hpl_gclk.o
 .debug_info    0x0000f5e4      0xcd7 hpl/pm/hpl_pm.o
 .debug_info    0x000102bb     0x18a0 hpl/sysctrl/hpl_sysctrl.o
 .debug_info    0x00011b5b     0x8535 hpl/usb/hpl_usb.o
 .debug_info    0x0001a090     0x1c1c main.o
 .debug_info    0x0001bcac     0x179f usb/class/cdc/device/cdcdf_acm.o
 .debug_info    0x0001d44b     0x247a usb/device/usbdc.o
 .debug_info    0x0001f8c5      0xea8 usb/usb_protocol.o
 .debug_info    0x0002076d     0x194b usb_start.o

.debug_abbrev   0x00000000     0x34fb
 .debug_abbrev  0x00000000       0x84 atmel_start.o
 .debug_abbrev  0x00000084      0x234 Device_Startup/startup_samd21.o
 .debug_abbrev  0x000002b8      0x324 driver_init.o
 .debug_abbrev  0x000005dc      0x144 hal/src/hal_atomic.o
 .debug_abbrev  0x00000720       0xe1 hal/src/hal_delay.o
 .debug_abbrev  0x00000801      0x485 hal/src/hal_usb_device.o
 .debug_abbrev  0x00000c86       0x86 hal/utils/src/utils_assert.o
 .debug_abbrev  0x00000d0c      0x159 hal/utils/src/utils_list.o
 .debug_abbrev  0x00000e65      0x269 hal/utils/src/utils_syscalls.o
 .debug_abbrev  0x000010ce      0x2cd hpl/core/hpl_core_m0plus_base.o
 .debug_abbrev  0x0000139b      0x1d9 hpl/core/hpl_init.o
 .debug_abbrev  0x00001574      0x1c3 hpl/gclk/hpl_gclk.o
 .debug_abbrev  0x00001737      0x211 hpl/pm/hpl_pm.o
 .debug_abbrev  0x00001948      0x27c hpl/sysctrl/hpl_sysctrl.o
 .debug_abbrev  0x00001bc4      0x5d9 hpl/usb/hpl_usb.o
 .debug_abbrev  0x0000219d      0x406 main.o
 .debug_abbrev  0x000025a3      0x422 usb/class/cdc/device/cdcdf_acm.o
 .debug_abbrev  0x000029c5      0x420 usb/device/usbdc.o
 .debug_abbrev  0x00002de5      0x2b8 usb/usb_protocol.o
 .debug_abbrev  0x0000309d      0x45e usb_start.o

.debug_loc      0x00000000     0xa92d
 .debug_loc     0x00000000       0x20 atmel_start.o
 .debug_loc     0x00000020       0x40 Device_Startup/startup_samd21.o
 .debug_loc     0x00000060     0x138f driver_init.o
 .debug_loc     0x000013ef       0x13 hal/src/hal_atomic.o
 .debug_loc     0x00001402       0xc3 hal/src/hal_delay.o
 .debug_loc     0x000014c5     0x138a hal/src/hal_usb_device.o
 .debug_loc     0x0000284f      0x271 hal/utils/src/utils_list.o
 .debug_loc     0x00002ac0      0x13b hal/utils/src/utils_syscalls.o
 .debug_loc     0x00002bfb      0x1f7 hpl/core/hpl_core_m0plus_base.o
 .debug_loc     0x00002df2       0x4c hpl/core/hpl_init.o
 .debug_loc     0x00002e3e      0x190 hpl/gclk/hpl_gclk.o
 .debug_loc     0x00002fce      0x11b hpl/pm/hpl_pm.o
 .debug_loc     0x000030e9      0x200 hpl/sysctrl/hpl_sysctrl.o
 .debug_loc     0x000032e9     0x45a6 hpl/usb/hpl_usb.o
 .debug_loc     0x0000788f      0x566 main.o
 .debug_loc     0x00007df5      0x982 usb/class/cdc/device/cdcdf_acm.o
 .debug_loc     0x00008777     0x156c usb/device/usbdc.o
 .debug_loc     0x00009ce3      0x54f usb/usb_protocol.o
 .debug_loc     0x0000a232      0x6fb usb_start.o

.debug_aranges  0x00000000      0x728
 .debug_aranges
                0x00000000       0x20 atmel_start.o
 .debug_aranges
                0x00000020       0x28 Device_Startup/startup_samd21.o
 .debug_aranges
                0x00000048       0x38 driver_init.o
 .debug_aranges
                0x00000080       0x30 hal/src/hal_atomic.o
 .debug_aranges
                0x000000b0       0x38 hal/src/hal_delay.o
 .debug_aranges
                0x000000e8      0x100 hal/src/hal_usb_device.o
 .debug_aranges
                0x000001e8       0x20 hal/utils/src/utils_assert.o
 .debug_aranges
                0x00000208       0x48 hal/utils/src/utils_list.o
 .debug_aranges
                0x00000250       0x60 hal/utils/src/utils_syscalls.o
 .debug_aranges
                0x000002b0       0x80 hpl/core/hpl_core_m0plus_base.o
 .debug_aranges
                0x00000330       0x20 hpl/core/hpl_init.o
 .debug_aranges
                0x00000350       0x28 hpl/gclk/hpl_gclk.o
 .debug_aranges
                0x00000378       0x30 hpl/pm/hpl_pm.o
 .debug_aranges
                0x000003a8       0x28 hpl/sysctrl/hpl_sysctrl.o
 .debug_aranges
                0x000003d0      0x128 hpl/usb/hpl_usb.o
 .debug_aranges
                0x000004f8       0x20 main.o
 .debug_aranges
                0x00000518       0x70 usb/class/cdc/device/cdcdf_acm.o
 .debug_aranges
                0x00000588       0xe0 usb/device/usbdc.o
 .debug_aranges
                0x00000668       0x48 usb/usb_protocol.o
 .debug_aranges
                0x000006b0       0x78 usb_start.o

.debug_ranges   0x00000000      0xc00
 .debug_ranges  0x00000000       0x10 atmel_start.o
 .debug_ranges  0x00000010       0x18 Device_Startup/startup_samd21.o
 .debug_ranges  0x00000028       0x28 driver_init.o
 .debug_ranges  0x00000050       0x20 hal/src/hal_atomic.o
 .debug_ranges  0x00000070       0x28 hal/src/hal_delay.o
 .debug_ranges  0x00000098      0x148 hal/src/hal_usb_device.o
 .debug_ranges  0x000001e0       0x10 hal/utils/src/utils_assert.o
 .debug_ranges  0x000001f0       0x58 hal/utils/src/utils_list.o
 .debug_ranges  0x00000248       0x50 hal/utils/src/utils_syscalls.o
 .debug_ranges  0x00000298       0x70 hpl/core/hpl_core_m0plus_base.o
 .debug_ranges  0x00000308       0x10 hpl/core/hpl_init.o
 .debug_ranges  0x00000318       0x18 hpl/gclk/hpl_gclk.o
 .debug_ranges  0x00000330       0x20 hpl/pm/hpl_pm.o
 .debug_ranges  0x00000350       0x48 hpl/sysctrl/hpl_sysctrl.o
 .debug_ranges  0x00000398      0x400 hpl/usb/hpl_usb.o
 .debug_ranges  0x00000798       0x60 main.o
 .debug_ranges  0x000007f8       0xa8 usb/class/cdc/device/cdcdf_acm.o
 .debug_ranges  0x000008a0      0x1c8 usb/device/usbdc.o
 .debug_ranges  0x00000a68       0x98 usb/usb_protocol.o
 .debug_ranges  0x00000b00      0x100 usb_start.o

.debug_macro    0x00000000    0x195e8
 .debug_macro   0x00000000      0x4e3 atmel_start.o
 .debug_macro   0x000004e3      0x89e atmel_start.o
 .debug_macro   0x00000d81      0x16d atmel_start.o
 .debug_macro   0x00000eee       0x22 atmel_start.o
 .debug_macro   0x00000f10       0x87 atmel_start.o
 .debug_macro   0x00000f97       0x51 atmel_start.o
 .debug_macro   0x00000fe8       0xef atmel_start.o
 .debug_macro   0x000010d7       0x6a atmel_start.o
 .debug_macro   0x00001141      0x1df atmel_start.o
 .debug_macro   0x00001320       0x22 atmel_start.o
 .debug_macro   0x00001342       0x3f atmel_start.o
 .debug_macro   0x00001381       0x1c atmel_start.o
 .debug_macro   0x0000139d       0x22 atmel_start.o
 .debug_macro   0x000013bf       0xb5 atmel_start.o
 .debug_macro   0x00001474      0x3ad atmel_start.o
 .debug_macro   0x00001821      0x67e atmel_start.o
 .debug_macro   0x00001e9f      0x8b1 atmel_start.o
 .debug_macro   0x00002750      0x22e atmel_start.o
 .debug_macro   0x0000297e      0xd5c atmel_start.o
 .debug_macro   0x000036da      0x4dc atmel_start.o
 .debug_macro   0x00003bb6      0x9f6 atmel_start.o
 .debug_macro   0x000045ac      0x82b atmel_start.o
 .debug_macro   0x00004dd7      0x45f atmel_start.o
 .debug_macro   0x00005236       0x5e atmel_start.o
 .debug_macro   0x00005294      0x8f9 atmel_start.o
 .debug_macro   0x00005b8d      0x21c atmel_start.o
 .debug_macro   0x00005da9      0x7eb atmel_start.o
 .debug_macro   0x00006594       0x5e atmel_start.o
 .debug_macro   0x000065f2      0x663 atmel_start.o
 .debug_macro   0x00006c55      0x3ac atmel_start.o
 .debug_macro   0x00007001      0xc76 atmel_start.o
 .debug_macro   0x00007c77     0x1092 atmel_start.o
 .debug_macro   0x00008d09      0xc4a atmel_start.o
 .debug_macro   0x00009953      0x6ba atmel_start.o
 .debug_macro   0x0000a00d     0x1b3d atmel_start.o
 .debug_macro   0x0000bb4a     0x143c atmel_start.o
 .debug_macro   0x0000cf86      0x340 atmel_start.o
 .debug_macro   0x0000d2c6       0x7c atmel_start.o
 .debug_macro   0x0000d342       0xa0 atmel_start.o
 .debug_macro   0x0000d3e2       0x4c atmel_start.o
 .debug_macro   0x0000d42e       0xca atmel_start.o
 .debug_macro   0x0000d4f8       0x94 atmel_start.o
 .debug_macro   0x0000d58c       0x58 atmel_start.o
 .debug_macro   0x0000d5e4      0x364 atmel_start.o
 .debug_macro   0x0000d948       0x82 atmel_start.o
 .debug_macro   0x0000d9ca      0x189 atmel_start.o
 .debug_macro   0x0000db53       0xb8 atmel_start.o
 .debug_macro   0x0000dc0b       0xa0 atmel_start.o
 .debug_macro   0x0000dcab       0xb8 atmel_start.o
 .debug_macro   0x0000dd63       0x1c atmel_start.o
 .debug_macro   0x0000dd7f       0x1c atmel_start.o
 .debug_macro   0x0000dd9b       0x1c atmel_start.o
 .debug_macro   0x0000ddb7       0x82 atmel_start.o
 .debug_macro   0x0000de39      0x15a atmel_start.o
 .debug_macro   0x0000df93       0x10 atmel_start.o
 .debug_macro   0x0000dfa3       0xdc atmel_start.o
 .debug_macro   0x0000e07f      0x124 atmel_start.o
 .debug_macro   0x0000e1a3      0x124 atmel_start.o
 .debug_macro   0x0000e2c7      0x124 atmel_start.o
 .debug_macro   0x0000e3eb      0x124 atmel_start.o
 .debug_macro   0x0000e50f      0x124 atmel_start.o
 .debug_macro   0x0000e633       0xe2 atmel_start.o
 .debug_macro   0x0000e715       0xe2 atmel_start.o
 .debug_macro   0x0000e7f7       0xe2 atmel_start.o
 .debug_macro   0x0000e8d9      0x130 atmel_start.o
 .debug_macro   0x0000ea09      0x106 atmel_start.o
 .debug_macro   0x0000eb0f       0xfa atmel_start.o
 .debug_macro   0x0000ec09      0x40f atmel_start.o
 .debug_macro   0x0000f018       0x40 atmel_start.o
 .debug_macro   0x0000f058      0x361 atmel_start.o
 .debug_macro   0x0000f3b9     0x101b atmel_start.o
 .debug_macro   0x000103d4       0x7b atmel_start.o
 .debug_macro   0x0001044f       0x10 atmel_start.o
 .debug_macro   0x0001045f       0x10 atmel_start.o
 .debug_macro   0x0001046f       0x16 atmel_start.o
 .debug_macro   0x00010485       0x16 atmel_start.o
 .debug_macro   0x0001049b       0x16 atmel_start.o
 .debug_macro   0x000104b1       0x16 atmel_start.o
 .debug_macro   0x000104c7       0x16 atmel_start.o
 .debug_macro   0x000104dd       0x16 atmel_start.o
 .debug_macro   0x000104f3       0x16 atmel_start.o
 .debug_macro   0x00010509       0x16 atmel_start.o
 .debug_macro   0x0001051f       0x16 atmel_start.o
 .debug_macro   0x00010535       0x16 atmel_start.o
 .debug_macro   0x0001054b       0x16 atmel_start.o
 .debug_macro   0x00010561       0x16 atmel_start.o
 .debug_macro   0x00010577       0x16 atmel_start.o
 .debug_macro   0x0001058d       0x16 atmel_start.o
 .debug_macro   0x000105a3      0x4c3 atmel_start.o
 .debug_macro   0x00010a66       0x94 atmel_start.o
 .debug_macro   0x00010afa       0x16 atmel_start.o
 .debug_macro   0x00010b10       0x6a atmel_start.o
 .debug_macro   0x00010b7a      0x28c atmel_start.o
 .debug_macro   0x00010e06      0x4d8 atmel_start.o
 .debug_macro   0x000112de       0x16 atmel_start.o
 .debug_macro   0x000112f4       0xca atmel_start.o
 .debug_macro   0x000113be       0x1c atmel_start.o
 .debug_macro   0x000113da       0x16 atmel_start.o
 .debug_macro   0x000113f0       0x88 atmel_start.o
 .debug_macro   0x00011478       0xc9 atmel_start.o
 .debug_macro   0x00011541       0xcb atmel_start.o
 .debug_macro   0x0001160c       0xee atmel_start.o
 .debug_macro   0x000116fa      0x2e8 Device_Startup/startup_samd21.o
 .debug_macro   0x000119e2       0x39 Device_Startup/startup_samd21.o
 .debug_macro   0x00011a1b      0x4f6 driver_init.o
 .debug_macro   0x00011f11       0x1c driver_init.o
 .debug_macro   0x00011f2d      0x416 hal/src/hal_atomic.o
 .debug_macro   0x00012343      0x448 hal/src/hal_delay.o
 .debug_macro   0x0001278b      0x4fe hal/src/hal_usb_device.o
 .debug_macro   0x00012c89       0x58 hal/src/hal_usb_device.o
 .debug_macro   0x00012ce1       0x35 hal/src/hal_usb_device.o
 .debug_macro   0x00012d16       0x9c hal/src/hal_usb_device.o
 .debug_macro   0x00012db2       0x58 hal/src/hal_usb_device.o
 .debug_macro   0x00012e0a       0x1f hal/src/hal_usb_device.o
 .debug_macro   0x00012e29       0x43 hal/src/hal_usb_device.o
 .debug_macro   0x00012e6c       0x20 hal/src/hal_usb_device.o
 .debug_macro   0x00012e8c      0x187 hal/src/hal_usb_device.o
 .debug_macro   0x00013013      0x34d hal/src/hal_usb_device.o
 .debug_macro   0x00013360       0x10 hal/src/hal_usb_device.o
 .debug_macro   0x00013370       0x35 hal/src/hal_usb_device.o
 .debug_macro   0x000133a5      0x41f hal/utils/src/utils_assert.o
 .debug_macro   0x000137c4       0x10 hal/utils/src/utils_assert.o
 .debug_macro   0x000137d4      0x423 hal/utils/src/utils_list.o
 .debug_macro   0x00013bf7      0x1d6 hal/utils/src/utils_syscalls.o
 .debug_macro   0x00013dcd       0x52 hal/utils/src/utils_syscalls.o
 .debug_macro   0x00013e1f       0x8d hal/utils/src/utils_syscalls.o
 .debug_macro   0x00013eac       0x16 hal/utils/src/utils_syscalls.o
 .debug_macro   0x00013ec2       0x57 hal/utils/src/utils_syscalls.o
 .debug_macro   0x00013f19       0x97 hal/utils/src/utils_syscalls.o
 .debug_macro   0x00013fb0      0x353 hal/utils/src/utils_syscalls.o
 .debug_macro   0x00014303       0xf6 hal/utils/src/utils_syscalls.o
 .debug_macro   0x000143f9       0x10 hal/utils/src/utils_syscalls.o
 .debug_macro   0x00014409       0x10 hal/utils/src/utils_syscalls.o
 .debug_macro   0x00014419       0x1c hal/utils/src/utils_syscalls.o
 .debug_macro   0x00014435       0x52 hal/utils/src/utils_syscalls.o
 .debug_macro   0x00014487       0x40 hal/utils/src/utils_syscalls.o
 .debug_macro   0x000144c7       0x10 hal/utils/src/utils_syscalls.o
 .debug_macro   0x000144d7       0x40 hal/utils/src/utils_syscalls.o
 .debug_macro   0x00014517       0xd7 hal/utils/src/utils_syscalls.o
 .debug_macro   0x000145ee       0x16 hal/utils/src/utils_syscalls.o
 .debug_macro   0x00014604      0x18b hal/utils/src/utils_syscalls.o
 .debug_macro   0x0001478f       0x4c hal/utils/src/utils_syscalls.o
 .debug_macro   0x000147db       0x16 hal/utils/src/utils_syscalls.o
 .debug_macro   0x000147f1       0x10 hal/utils/src/utils_syscalls.o
 .debug_macro   0x00014801       0x10 hal/utils/src/utils_syscalls.o
 .debug_macro   0x00014811       0x35 hal/utils/src/utils_syscalls.o
 .debug_macro   0x00014846      0x122 hal/utils/src/utils_syscalls.o
 .debug_macro   0x00014968      0x46d hpl/core/hpl_core_m0plus_base.o
 .debug_macro   0x00014dd5      0x490 hpl/core/hpl_init.o
 .debug_macro   0x00015265       0x2e hpl/core/hpl_init.o
 .debug_macro   0x00015293      0x6ec hpl/core/hpl_init.o
 .debug_macro   0x0001597f      0x432 hpl/gclk/hpl_gclk.o
 .debug_macro   0x00015db1      0x1f3 hpl/gclk/hpl_gclk.o
 .debug_macro   0x00015fa4      0x455 hpl/pm/hpl_pm.o
 .debug_macro   0x000163f9      0x42c hpl/sysctrl/hpl_sysctrl.o
 .debug_macro   0x00016825      0x2da hpl/sysctrl/hpl_sysctrl.o
 .debug_macro   0x00016aff      0x6c6 hpl/usb/hpl_usb.o
 .debug_macro   0x000171c5      0x711 main.o
 .debug_macro   0x000178d6       0x76 main.o
 .debug_macro   0x0001794c      0x11b main.o
 .debug_macro   0x00017a67      0x12b main.o
 .debug_macro   0x00017b92      0x256 main.o
 .debug_macro   0x00017de8       0x4c main.o
 .debug_macro   0x00017e34       0x1c main.o
 .debug_macro   0x00017e50       0x16 main.o
 .debug_macro   0x00017e66       0x16 main.o
 .debug_macro   0x00017e7c       0x29 main.o
 .debug_macro   0x00017ea5      0x560 usb/class/cdc/device/cdcdf_acm.o
 .debug_macro   0x00018405       0xaf usb/class/cdc/device/cdcdf_acm.o
 .debug_macro   0x000184b4       0xd1 usb/class/cdc/device/cdcdf_acm.o
 .debug_macro   0x00018585      0x540 usb/device/usbdc.o
 .debug_macro   0x00018ac5      0x50f usb/usb_protocol.o
 .debug_macro   0x00018fd4      0x614 usb_start.o

.debug_line     0x00000000     0xde39
 .debug_line    0x00000000      0xa79 atmel_start.o
 .debug_line    0x00000a79      0x6dd Device_Startup/startup_samd21.o
 .debug_line    0x00001156      0xc1c driver_init.o
 .debug_line    0x00001d72      0x974 hal/src/hal_atomic.o
 .debug_line    0x000026e6      0x99f hal/src/hal_delay.o
 .debug_line    0x00003085      0xd2d hal/src/hal_usb_device.o
 .debug_line    0x00003db2      0x93e hal/utils/src/utils_assert.o
 .debug_line    0x000046f0      0x9d2 hal/utils/src/utils_list.o
 .debug_line    0x000050c2      0x40b hal/utils/src/utils_syscalls.o
 .debug_line    0x000054cd      0xb0e hpl/core/hpl_core_m0plus_base.o
 .debug_line    0x00005fdb      0xa1f hpl/core/hpl_init.o
 .debug_line    0x000069fa      0x9b8 hpl/gclk/hpl_gclk.o
 .debug_line    0x000073b2      0x9e4 hpl/pm/hpl_pm.o
 .debug_line    0x00007d96      0xa65 hpl/sysctrl/hpl_sysctrl.o
 .debug_line    0x000087fb     0x150c hpl/usb/hpl_usb.o
 .debug_line    0x00009d07      0xded main.o
 .debug_line    0x0000aaf4      0xc6c usb/class/cdc/device/cdcdf_acm.o
 .debug_line    0x0000b760      0xdf3 usb/device/usbdc.o
 .debug_line    0x0000c553      0xb75 usb/usb_protocol.o
 .debug_line    0x0000d0c8      0xd71 usb_start.o

.debug_str      0x00000000    0x82db4
 .debug_str     0x00000000    0x730f0 atmel_start.o
                              0x73520 (size before relaxing)
 .debug_str     0x000730f0     0x10e7 Device_Startup/startup_samd21.o
                              0x6a9cb (size before relaxing)
 .debug_str     0x000741d7      0xb73 driver_init.o
                              0x74ec6 (size before relaxing)
 .debug_str     0x00074d4a       0xb7 hal/src/hal_atomic.o
                              0x724a7 (size before relaxing)
 .debug_str     0x00074e01       0x9b hal/src/hal_delay.o
                              0x72511 (size before relaxing)
 .debug_str     0x00074e9c     0x349b hal/src/hal_usb_device.o
                              0x766a8 (size before relaxing)
 .debug_str     0x00078337       0x31 hal/utils/src/utils_assert.o
                              0x724b7 (size before relaxing)
 .debug_str     0x00078368       0xb4 hal/utils/src/utils_list.o
                              0x72561 (size before relaxing)
 .debug_str     0x0007841c     0x18f7 hal/utils/src/utils_syscalls.o
                               0x7300 (size before relaxing)
 .debug_str     0x00079d13      0x2f7 hpl/core/hpl_core_m0plus_base.o
                              0x72e18 (size before relaxing)
 .debug_str     0x0007a00a     0x17d7 hpl/core/hpl_init.o
                              0x73f88 (size before relaxing)
 .debug_str     0x0007b7e1      0x851 hpl/gclk/hpl_gclk.o
                              0x72dd6 (size before relaxing)
 .debug_str     0x0007c032      0x194 hpl/pm/hpl_pm.o
                              0x72b04 (size before relaxing)
 .debug_str     0x0007c1c6     0x128f hpl/sysctrl/hpl_sysctrl.o
                              0x7391b (size before relaxing)
 .debug_str     0x0007d455     0x179e hpl/usb/hpl_usb.o
                              0x78790 (size before relaxing)
 .debug_str     0x0007ebf3     0x3199 main.o
                              0x7a7ab (size before relaxing)
 .debug_str     0x00081d8c      0x77f usb/class/cdc/device/cdcdf_acm.o
                              0x78a9e (size before relaxing)
 .debug_str     0x0008250b      0x53f usb/device/usbdc.o
                              0x78107 (size before relaxing)
 .debug_str     0x00082a4a       0xe4 usb/usb_protocol.o
                              0x766bb (size before relaxing)
 .debug_str     0x00082b2e      0x286 usb_start.o
                              0x7961f (size before relaxing)

.debug_frame    0x00000000     0x1764
 .debug_frame   0x00000000       0x28 atmel_start.o
 .debug_frame   0x00000028       0x40 Device_Startup/startup_samd21.o
 .debug_frame   0x00000068       0x78 driver_init.o
 .debug_frame   0x000000e0       0x40 hal/src/hal_atomic.o
 .debug_frame   0x00000120       0x68 hal/src/hal_delay.o
 .debug_frame   0x00000188      0x314 hal/src/hal_usb_device.o
 .debug_frame   0x0000049c       0x20 hal/utils/src/utils_assert.o
 .debug_frame   0x000004bc       0x88 hal/utils/src/utils_list.o
 .debug_frame   0x00000544       0xa8 hal/utils/src/utils_syscalls.o
 .debug_frame   0x000005ec       0xfc hpl/core/hpl_core_m0plus_base.o
 .debug_frame   0x000006e8       0x28 hpl/core/hpl_init.o
 .debug_frame   0x00000710       0x30 hpl/gclk/hpl_gclk.o
 .debug_frame   0x00000740       0x40 hpl/pm/hpl_pm.o
 .debug_frame   0x00000780       0x30 hpl/sysctrl/hpl_sysctrl.o
 .debug_frame   0x000007b0      0x378 hpl/usb/hpl_usb.o
 .debug_frame   0x00000b28       0x38 main.o
 .debug_frame   0x00000b60      0x124 usb/class/cdc/device/cdcdf_acm.o
 .debug_frame   0x00000c84      0x274 usb/device/usbdc.o
 .debug_frame   0x00000ef8       0xa8 usb/usb_protocol.o
 .debug_frame   0x00000fa0      0x158 usb_start.o
 .debug_frame   0x000010f8       0x20 c:/program files (x86)/atmel/studio/7.0/toolchain/arm/arm-gnu-toolchain/bin/../lib/gcc/arm-none-eabi/6.3.1/thumb/v6-m\libgcc.a(_udivsi3.o)
 .debug_frame   0x00001118       0x2c c:/program files (x86)/atmel/studio/7.0/toolchain/arm/arm-gnu-toolchain/bin/../lib/gcc/arm-none-eabi/6.3.1/../../../../arm-none-eabi/lib/thumb/v6-m\libc_nano.a(lib_a-init.o)
 .debug_frame   0x00001144       0x28 c:/program files (x86)/atmel/studio/7.0/toolchain/arm/arm-gnu-toolchain/bin/../lib/gcc/arm-none-eabi/6.3.1/../../../../arm-none-eabi/lib/thumb/v6-m\libc_nano.a(lib_a-memcpy-stub.o)
 .debug_frame   0x0000116c       0x20 c:/program files (x86)/atmel/studio/7.0/toolchain/arm/arm-gnu-toolchain/bin/../lib/gcc/arm-none-eabi/6.3.1/../../../../arm-none-eabi/lib/thumb/v6-m\libc_nano.a(lib_a-memset.o)
 .debug_frame   0x0000118c       0x50 c:/program files (x86)/atmel/studio/7.0/toolchain/arm/arm-gnu-toolchain/bin/../lib/gcc/arm-none-eabi/6.3.1/../../../../arm-none-eabi/lib/thumb/v6-m\libc_nano.a(lib_a-sprintf.o)
 .debug_frame   0x000011dc       0x20 c:/program files (x86)/atmel/studio/7.0/toolchain/arm/arm-gnu-toolchain/bin/../lib/gcc/arm-none-eabi/6.3.1/../../../../arm-none-eabi/lib/thumb/v6-m\libc_nano.a(lib_a-strcmp.o)
 .debug_frame   0x000011fc       0x2c c:/program files (x86)/atmel/studio/7.0/toolchain/arm/arm-gnu-toolchain/bin/../lib/gcc/arm-none-eabi/6.3.1/../../../../arm-none-eabi/lib/thumb/v6-m\libc_nano.a(lib_a-strncmp.o)
 .debug_frame   0x00001228       0x88 c:/program files (x86)/atmel/studio/7.0/toolchain/arm/arm-gnu-toolchain/bin/../lib/gcc/arm-none-eabi/6.3.1/../../../../arm-none-eabi/lib/thumb/v6-m\libc_nano.a(lib_a-strtoul.o)
 .debug_frame   0x000012b0       0x28 c:/program files (x86)/atmel/studio/7.0/toolchain/arm/arm-gnu-toolchain/bin/../lib/gcc/arm-none-eabi/6.3.1/../../../../arm-none-eabi/lib/thumb/v6-m\libc_nano.a(lib_a-toupper.o)
 .debug_frame   0x000012d8      0x140 c:/program files (x86)/atmel/studio/7.0/toolchain/arm/arm-gnu-toolchain/bin/../lib/gcc/arm-none-eabi/6.3.1/../../../../arm-none-eabi/lib/thumb/v6-m\libc_nano.a(lib_a-findfp.o)
 .debug_frame   0x00001418       0x74 c:/program files (x86)/atmel/studio/7.0/toolchain/arm/arm-gnu-toolchain/bin/../lib/gcc/arm-none-eabi/6.3.1/../../../../arm-none-eabi/lib/thumb/v6-m\libc_nano.a(lib_a-locale.o)
 .debug_frame   0x0000148c       0x44 c:/program files (x86)/atmel/studio/7.0/toolchain/arm/arm-gnu-toolchain/bin/../lib/gcc/arm-none-eabi/6.3.1/../../../../arm-none-eabi/lib/thumb/v6-m\libc_nano.a(lib_a-mbtowc_r.o)
 .debug_frame   0x000014d0       0x2c c:/program files (x86)/atmel/studio/7.0/toolchain/arm/arm-gnu-toolchain/bin/../lib/gcc/arm-none-eabi/6.3.1/../../../../arm-none-eabi/lib/thumb/v6-m\libc_nano.a(lib_a-nano-mallocr.o)
 .debug_frame   0x000014fc       0x74 c:/program files (x86)/atmel/studio/7.0/toolchain/arm/arm-gnu-toolchain/bin/../lib/gcc/arm-none-eabi/6.3.1/../../../../arm-none-eabi/lib/thumb/v6-m\libc_nano.a(lib_a-nano-svfprintf.o)
 .debug_frame   0x00001570       0x54 c:/program files (x86)/atmel/studio/7.0/toolchain/arm/arm-gnu-toolchain/bin/../lib/gcc/arm-none-eabi/6.3.1/../../../../arm-none-eabi/lib/thumb/v6-m\libc_nano.a(lib_a-nano-vfprintf_i.o)
 .debug_frame   0x000015c4       0x2c c:/program files (x86)/atmel/studio/7.0/toolchain/arm/arm-gnu-toolchain/bin/../lib/gcc/arm-none-eabi/6.3.1/../../../../arm-none-eabi/lib/thumb/v6-m\libc_nano.a(lib_a-sbrkr.o)
 .debug_frame   0x000015f0       0x38 c:/program files (x86)/atmel/studio/7.0/toolchain/arm/arm-gnu-toolchain/bin/../lib/gcc/arm-none-eabi/6.3.1/../../../../arm-none-eabi/lib/thumb/v6-m\libc_nano.a(lib_a-wctomb_r.o)
 .debug_frame   0x00001628       0x20 c:/program files (x86)/atmel/studio/7.0/toolchain/arm/arm-gnu-toolchain/bin/../lib/gcc/arm-none-eabi/6.3.1/../../../../arm-none-eabi/lib/thumb/v6-m\libc_nano.a(lib_a-memchr-stub.o)
 .debug_frame   0x00001648       0x28 c:/program files (x86)/atmel/studio/7.0/toolchain/arm/arm-gnu-toolchain/bin/../lib/gcc/arm-none-eabi/6.3.1/../../../../arm-none-eabi/lib/thumb/v6-m\libc_nano.a(lib_a-memmove.o)
 .debug_frame   0x00001670       0x30 c:/program files (x86)/atmel/studio/7.0/toolchain/arm/arm-gnu-toolchain/bin/../lib/gcc/arm-none-eabi/6.3.1/../../../../arm-none-eabi/lib/thumb/v6-m\libc_nano.a(lib_a-mlock.o)
 .debug_frame   0x000016a0       0x2c c:/program files (x86)/atmel/studio/7.0/toolchain/arm/arm-gnu-toolchain/bin/../lib/gcc/arm-none-eabi/6.3.1/../../../../arm-none-eabi/lib/thumb/v6-m\libc_nano.a(lib_a-nano-freer.o)
 .debug_frame   0x000016cc       0x30 c:/program files (x86)/atmel/studio/7.0/toolchain/arm/arm-gnu-toolchain/bin/../lib/gcc/arm-none-eabi/6.3.1/../../../../arm-none-eabi/lib/thumb/v6-m\libc_nano.a(lib_a-nano-reallocr.o)
 .debug_frame   0x000016fc       0x48 c:/program files (x86)/atmel/studio/7.0/toolchain/arm/arm-gnu-toolchain/bin/../lib/gcc/arm-none-eabi/6.3.1/../../../../arm-none-eabi/lib/thumb/v6-m\libc_nano.a(lib_a-reent.o)
 .debug_frame   0x00001744       0x20 c:/program files (x86)/atmel/studio/7.0/toolchain/arm/arm-gnu-toolchain/bin/../lib/gcc/arm-none-eabi/6.3.1/../../../../arm-none-eabi/lib/thumb/v6-m\libc_nano.a(lib_a-nano-msizer.o)
